[TunnelPool]2024/11/21 08:29:55 [Info] Tunnel Pool of peer 2630768975 created.
[ConnectionPool]2024/11/21 08:29:55 [Info] Connection Pool created.
[ClientManager]2024/11/21 08:29:55 [Info] Need 12 new tunnels to 19443.2tutu.top:19443 now.
[ConnectionPool]2024/11/21 08:29:55 [Info] Recv Relay started.
[ConnectionPool]2024/11/21 08:29:55 [Info] Send Relay started.
[Tunnel-1678977367]2024/11/21 08:29:55 [Info] Tunnel created.
[Tunnel-1678977367]2024/11/21 08:29:55 [Info] Peer id sent.
[Tunnel-1678977367]2024/11/21 08:29:56 [Info] Peer id recv.
[Tunnel-1678977367]2024/11/21 08:29:56 [Info] PeerID exchange successfully.
[TunnelPool]2024/11/21 08:29:56 [Info] Tunnel 1678977367 added to Peer 2630768975.
[ClientManager]2024/11/21 08:29:56 [Info] Successfully dialed to 19443.2tutu.top:19443. TunnelToCreate: 11
[ClientManager]2024/11/21 08:29:56 [Info] Need 11 new tunnels to 19448.2tutu.top:19443 now.
[Tunnel-1678977367]2024/11/21 08:29:56 [Info] Outbound relay started.
[Tunnel-1678977367]2024/11/21 08:29:56 [Info] Inbound relay started.
[Tunnel-955987353]2024/11/21 08:29:56 [Info] Tunnel created.
[Tunnel-955987353]2024/11/21 08:29:56 [Info] Peer id sent.
[Tunnel-955987353]2024/11/21 08:29:56 [Info] Peer id recv.
[Tunnel-955987353]2024/11/21 08:29:56 [Info] PeerID exchange successfully.
[TunnelPool]2024/11/21 08:29:56 [Info] Tunnel 955987353 added to Peer 2630768975.
[ClientManager]2024/11/21 08:29:56 [Info] Successfully dialed to 19448.2tutu.top:19443. TunnelToCreate: 10
[ClientManager]2024/11/21 08:29:56 [Info] Need 10 new tunnels to 19447.2tutu.top:19443 now.
[Tunnel-955987353]2024/11/21 08:29:56 [Info] Outbound relay started.
[Tunnel-955987353]2024/11/21 08:29:56 [Info] Inbound relay started.
[Tunnel-3413227532]2024/11/21 08:29:57 [Info] Tunnel created.
[Tunnel-3413227532]2024/11/21 08:29:57 [Info] Peer id sent.
[Tunnel-3413227532]2024/11/21 08:29:57 [Info] Peer id recv.
[Tunnel-3413227532]2024/11/21 08:29:57 [Info] PeerID exchange successfully.
[TunnelPool]2024/11/21 08:29:57 [Info] Tunnel 3413227532 added to Peer 2630768975.
[ClientManager]2024/11/21 08:29:57 [Info] Successfully dialed to 19447.2tutu.top:19443. TunnelToCreate: 9
[ClientManager]2024/11/21 08:29:57 [Info] Need 9 new tunnels to 19446.2tutu.top:19443 now.
[Tunnel-3413227532]2024/11/21 08:29:57 [Info] Outbound relay started.
[Tunnel-3413227532]2024/11/21 08:29:57 [Info] Inbound relay started.
[Tunnel-932556813]2024/11/21 08:29:57 [Info] Tunnel created.
[Tunnel-932556813]2024/11/21 08:29:57 [Info] Peer id sent.
[Tunnel-932556813]2024/11/21 08:29:57 [Info] Peer id recv.
[Tunnel-932556813]2024/11/21 08:29:57 [Info] PeerID exchange successfully.
[TunnelPool]2024/11/21 08:29:57 [Info] Tunnel 932556813 added to Peer 2630768975.
[ClientManager]2024/11/21 08:29:57 [Info] Successfully dialed to 19446.2tutu.top:19443. TunnelToCreate: 8
[ClientManager]2024/11/21 08:29:57 [Info] Need 8 new tunnels to 19445.2tutu.top:19443 now.
[Tunnel-932556813]2024/11/21 08:29:57 [Info] Outbound relay started.
[Tunnel-932556813]2024/11/21 08:29:57 [Info] Inbound relay started.
[Tunnel-518958688]2024/11/21 08:29:58 [Info] Tunnel created.
[Tunnel-518958688]2024/11/21 08:29:58 [Info] Peer id sent.
[Tunnel-518958688]2024/11/21 08:29:58 [Info] Peer id recv.
[Tunnel-518958688]2024/11/21 08:29:58 [Info] PeerID exchange successfully.
[TunnelPool]2024/11/21 08:29:58 [Info] Tunnel 518958688 added to Peer 2630768975.
[ClientManager]2024/11/21 08:29:58 [Info] Successfully dialed to 19445.2tutu.top:19443. TunnelToCreate: 7
[ClientManager]2024/11/21 08:29:58 [Info] Need 7 new tunnels to 19444.2tutu.top:19443 now.
[Tunnel-518958688]2024/11/21 08:29:58 [Info] Outbound relay started.
[Tunnel-518958688]2024/11/21 08:29:58 [Info] Inbound relay started.
[Tunnel-3512584362]2024/11/21 08:29:59 [Info] Tunnel created.
[Tunnel-3512584362]2024/11/21 08:29:59 [Info] Peer id sent.
[Tunnel-3512584362]2024/11/21 08:29:59 [Info] Peer id recv.
[Tunnel-3512584362]2024/11/21 08:29:59 [Info] PeerID exchange successfully.
[TunnelPool]2024/11/21 08:29:59 [Info] Tunnel 3512584362 added to Peer 2630768975.
[ClientManager]2024/11/21 08:29:59 [Info] Successfully dialed to 19444.2tutu.top:19443. TunnelToCreate: 6
[ClientManager]2024/11/21 08:29:59 [Info] Need 6 new tunnels to 19443.2tutu.top:19443 now.
[Tunnel-3512584362]2024/11/21 08:29:59 [Info] Outbound relay started.
[Tunnel-3512584362]2024/11/21 08:29:59 [Info] Inbound relay started.
[Tunnel-1010401980]2024/11/21 08:29:59 [Info] Tunnel created.
[Tunnel-1010401980]2024/11/21 08:29:59 [Info] Peer id sent.
[Tunnel-1010401980]2024/11/21 08:29:59 [Info] Peer id recv.
[Tunnel-1010401980]2024/11/21 08:29:59 [Info] PeerID exchange successfully.
[TunnelPool]2024/11/21 08:29:59 [Info] Tunnel 1010401980 added to Peer 2630768975.
[ClientManager]2024/11/21 08:29:59 [Info] Successfully dialed to 19443.2tutu.top:19443. TunnelToCreate: 5
[ClientManager]2024/11/21 08:29:59 [Info] Need 5 new tunnels to 19448.2tutu.top:19443 now.
[Tunnel-1010401980]2024/11/21 08:29:59 [Info] Outbound relay started.
[Tunnel-1010401980]2024/11/21 08:29:59 [Info] Inbound relay started.
[Tunnel-1970733867]2024/11/21 08:29:59 [Info] Tunnel created.
[Tunnel-1970733867]2024/11/21 08:29:59 [Info] Peer id sent.
[Tunnel-1970733867]2024/11/21 08:30:00 [Info] Peer id recv.
[Tunnel-1970733867]2024/11/21 08:30:00 [Info] PeerID exchange successfully.
[TunnelPool]2024/11/21 08:30:00 [Info] Tunnel 1970733867 added to Peer 2630768975.
[ClientManager]2024/11/21 08:30:00 [Info] Successfully dialed to 19448.2tutu.top:19443. TunnelToCreate: 4
[ClientManager]2024/11/21 08:30:00 [Info] Need 4 new tunnels to 19447.2tutu.top:19443 now.
[Tunnel-1970733867]2024/11/21 08:30:00 [Info] Outbound relay started.
[Tunnel-1970733867]2024/11/21 08:30:00 [Info] Inbound relay started.
[Tunnel-3203854257]2024/11/21 08:30:00 [Info] Tunnel created.
[Tunnel-3203854257]2024/11/21 08:30:00 [Info] Peer id sent.
[Tunnel-3203854257]2024/11/21 08:30:00 [Info] Peer id recv.
[Tunnel-3203854257]2024/11/21 08:30:00 [Info] PeerID exchange successfully.
[TunnelPool]2024/11/21 08:30:00 [Info] Tunnel 3203854257 added to Peer 2630768975.
[ClientManager]2024/11/21 08:30:00 [Info] Successfully dialed to 19447.2tutu.top:19443. TunnelToCreate: 3
[ClientManager]2024/11/21 08:30:00 [Info] Need 3 new tunnels to 19446.2tutu.top:19443 now.
[Tunnel-3203854257]2024/11/21 08:30:00 [Info] Outbound relay started.
[Tunnel-3203854257]2024/11/21 08:30:00 [Info] Inbound relay started.
[Tunnel-265765879]2024/11/21 08:30:00 [Info] Tunnel created.
[Tunnel-265765879]2024/11/21 08:30:00 [Info] Peer id sent.
[Tunnel-265765879]2024/11/21 08:30:01 [Info] Peer id recv.
[Tunnel-265765879]2024/11/21 08:30:01 [Info] PeerID exchange successfully.
[TunnelPool]2024/11/21 08:30:01 [Info] Tunnel 265765879 added to Peer 2630768975.
[ClientManager]2024/11/21 08:30:01 [Info] Successfully dialed to 19446.2tutu.top:19443. TunnelToCreate: 2
[ClientManager]2024/11/21 08:30:01 [Info] Need 2 new tunnels to 19445.2tutu.top:19443 now.
[Tunnel-265765879]2024/11/21 08:30:01 [Info] Outbound relay started.
[Tunnel-265765879]2024/11/21 08:30:01 [Info] Inbound relay started.
[Tunnel-3771665272]2024/11/21 08:30:01 [Info] Tunnel created.
[Tunnel-3771665272]2024/11/21 08:30:01 [Info] Peer id sent.
[Tunnel-3771665272]2024/11/21 08:30:01 [Info] Peer id recv.
[Tunnel-3771665272]2024/11/21 08:30:01 [Info] PeerID exchange successfully.
[TunnelPool]2024/11/21 08:30:01 [Info] Tunnel 3771665272 added to Peer 2630768975.
[ClientManager]2024/11/21 08:30:01 [Info] Successfully dialed to 19445.2tutu.top:19443. TunnelToCreate: 1
[ClientManager]2024/11/21 08:30:01 [Info] Need 1 new tunnels to 19444.2tutu.top:19443 now.
[Tunnel-3771665272]2024/11/21 08:30:01 [Info] Outbound relay started.
[Tunnel-3771665272]2024/11/21 08:30:01 [Info] Inbound relay started.
[Tunnel-1526461505]2024/11/21 08:30:01 [Info] Tunnel created.
[Tunnel-1526461505]2024/11/21 08:30:01 [Info] Peer id sent.
[Tunnel-1526461505]2024/11/21 08:30:01 [Info] Peer id recv.
[Tunnel-1526461505]2024/11/21 08:30:01 [Info] PeerID exchange successfully.
[TunnelPool]2024/11/21 08:30:01 [Info] Tunnel 1526461505 added to Peer 2630768975.
[ClientManager]2024/11/21 08:30:01 [Info] Successfully dialed to 19444.2tutu.top:19443. TunnelToCreate: 0
[Tunnel-1526461505]2024/11/21 08:30:01 [Info] Inbound relay started.
[Tunnel-1526461505]2024/11/21 08:30:01 [Info] Outbound relay started.
[Client]2024/11/21 08:30:04 [Info] Accepted a connection.
[InboundConnection-1140325790]2024/11/21 08:30:04 [Info] InboundConnection 1140325790 created.
[ConnectionPool]2024/11/21 08:30:04 [Info] Connection 1140325790 added to connection pool.
[InboundConnection-1140325790]2024/11/21 08:30:04 [Debug] Send connect to 127.0.0.1:443 block.
[BlockProcessor]2024/11/21 08:30:04 [Info] Ordered Relay of Connection 1140325790 started.
[ConnectionPool]2024/11/21 08:30:04 [Debug] Block 0(type: 0) put to connSendQueue.
[Tunnel-1678977367]2024/11/21 08:30:04 [Debug] Copied data to tunnel successfully(n: 26).
[InboundConnection-1140325790]2024/11/21 08:30:04 [Debug] Send data block.
[ConnectionPool]2024/11/21 08:30:04 [Debug] Block 1(type: 2) put to connSendQueue.
[Tunnel-955987353]2024/11/21 08:30:04 [Debug] Copied data to tunnel successfully(n: 279).
[Tunnel-1678977367]2024/11/21 08:30:04 [Debug] Block received from tunnel(type: 2)successfully.
[ConnectionPool]2024/11/21 08:30:04 [Debug] Block 0(type: 2) put to connRecvQueue.
[BlockProcessor]2024/11/21 08:30:04 [Debug] Send Block 0 directly
[InboundConnection-1140325790]2024/11/21 08:30:04 [Debug] Read in a block.
[InboundConnection-1140325790]2024/11/21 08:30:04 [Debug] Send data block.
[ConnectionPool]2024/11/21 08:30:04 [Debug] Block 2(type: 2) put to connSendQueue.
[Tunnel-3413227532]2024/11/21 08:30:04 [Debug] Copied data to tunnel successfully(n: 77).
[InboundConnection-1140325790]2024/11/21 08:30:04 [Debug] Send data block.
[ConnectionPool]2024/11/21 08:30:04 [Debug] Block 3(type: 2) put to connSendQueue.
[Tunnel-932556813]2024/11/21 08:30:04 [Debug] Copied data to tunnel successfully(n: 266).
[Tunnel-3413227532]2024/11/21 08:30:04 [Debug] Block received from tunnel(type: 2)successfully.
[ConnectionPool]2024/11/21 08:30:04 [Debug] Block 2(type: 2) put to connRecvQueue.
[BlockProcessor]2024/11/21 08:30:04 [Debug] Put Block 2 to cache
[Tunnel-955987353]2024/11/21 08:30:04 [Debug] Block received from tunnel(type: 2)successfully.
[ConnectionPool]2024/11/21 08:30:04 [Debug] Block 1(type: 2) put to connRecvQueue.
[BlockProcessor]2024/11/21 08:30:04 [Debug] Send Block 1 directly
[BlockProcessor]2024/11/21 08:30:04 [Debug] Send Block 2 from cache
[InboundConnection-1140325790]2024/11/21 08:30:04 [Debug] Read in a block.
[InboundConnection-1140325790]2024/11/21 08:30:04 [Debug] Read in a block.
[InboundConnection-1140325790]2024/11/21 08:30:04 [Debug] Send data block.
[ConnectionPool]2024/11/21 08:30:04 [Debug] Block 4(type: 2) put to connSendQueue.
[Tunnel-518958688]2024/11/21 08:30:04 [Debug] Copied data to tunnel successfully(n: 63).
[InboundConnection-1140325790]2024/11/21 08:30:04 [Debug] Send data block.
[ConnectionPool]2024/11/21 08:30:04 [Debug] Block 5(type: 2) put to connSendQueue.
[Tunnel-3512584362]2024/11/21 08:30:04 [Debug] Copied data to tunnel successfully(n: 1131).
[Tunnel-932556813]2024/11/21 08:30:04 [Debug] Block received from tunnel(type: 2)successfully.
[ConnectionPool]2024/11/21 08:30:04 [Debug] Block 3(type: 2) put to connRecvQueue.
[BlockProcessor]2024/11/21 08:30:04 [Debug] Send Block 3 directly
[InboundConnection-1140325790]2024/11/21 08:30:04 [Debug] Read in a block.
[InboundConnection-1140325790]2024/11/21 08:30:04 [Debug] Send data block.
[ConnectionPool]2024/11/21 08:30:04 [Debug] Block 6(type: 2) put to connSendQueue.
[Tunnel-1010401980]2024/11/21 08:30:04 [Debug] Copied data to tunnel successfully(n: 89).
[Tunnel-518958688]2024/11/21 08:30:04 [Debug] Block received from tunnel(type: 2)successfully.
[ConnectionPool]2024/11/21 08:30:04 [Debug] Block 4(type: 2) put to connRecvQueue.
[BlockProcessor]2024/11/21 08:30:04 [Debug] Send Block 4 directly
[InboundConnection-1140325790]2024/11/21 08:30:04 [Debug] Read in a block.
[InboundConnection-1140325790]2024/11/21 08:30:04 [Debug] Send data block.
[ConnectionPool]2024/11/21 08:30:04 [Debug] Block 7(type: 2) put to connSendQueue.
[Tunnel-1970733867]2024/11/21 08:30:04 [Debug] Copied data to tunnel successfully(n: 57).
[Tunnel-1010401980]2024/11/21 08:30:04 [Debug] Block received from tunnel(type: 2)successfully.
[ConnectionPool]2024/11/21 08:30:04 [Debug] Block 6(type: 2) put to connRecvQueue.
[BlockProcessor]2024/11/21 08:30:04 [Debug] Put Block 6 to cache
[Tunnel-3512584362]2024/11/21 08:30:04 [Debug] Block received from tunnel(type: 2)successfully.
[ConnectionPool]2024/11/21 08:30:04 [Debug] Block 5(type: 2) put to connRecvQueue.
[BlockProcessor]2024/11/21 08:30:04 [Debug] Send Block 5 directly
[BlockProcessor]2024/11/21 08:30:04 [Debug] Send Block 6 from cache
[InboundConnection-1140325790]2024/11/21 08:30:04 [Debug] Read in a block.
[InboundConnection-1140325790]2024/11/21 08:30:04 [Debug] Read in a block.
[InboundConnection-1140325790]2024/11/21 08:30:04 [Debug] Send data block.
[ConnectionPool]2024/11/21 08:30:04 [Debug] Block 8(type: 2) put to connSendQueue.
[Tunnel-3203854257]2024/11/21 08:30:04 [Debug] Copied data to tunnel successfully(n: 93).
[Tunnel-1970733867]2024/11/21 08:30:05 [Debug] Block received from tunnel(type: 2)successfully.
[ConnectionPool]2024/11/21 08:30:05 [Debug] Block 7(type: 2) put to connRecvQueue.
[BlockProcessor]2024/11/21 08:30:05 [Debug] Send Block 7 directly
[InboundConnection-1140325790]2024/11/21 08:30:05 [Debug] Read in a block.
[InboundConnection-1140325790]2024/11/21 08:30:05 [Debug] Send data block.
[ConnectionPool]2024/11/21 08:30:05 [Debug] Block 9(type: 2) put to connSendQueue.
[Tunnel-265765879]2024/11/21 08:30:05 [Debug] Copied data to tunnel successfully(n: 109).
[Tunnel-3203854257]2024/11/21 08:30:05 [Debug] Block received from tunnel(type: 2)successfully.
[ConnectionPool]2024/11/21 08:30:05 [Debug] Block 8(type: 2) put to connRecvQueue.
[BlockProcessor]2024/11/21 08:30:05 [Debug] Send Block 8 directly
[InboundConnection-1140325790]2024/11/21 08:30:05 [Debug] Read in a block.
[InboundConnection-1140325790]2024/11/21 08:30:05 [Debug] Send data block.
[ConnectionPool]2024/11/21 08:30:05 [Debug] Block 10(type: 2) put to connSendQueue.
[Tunnel-3771665272]2024/11/21 08:30:05 [Debug] Copied data to tunnel successfully(n: 125).
[Tunnel-265765879]2024/11/21 08:30:05 [Debug] Block received from tunnel(type: 2)successfully.
[ConnectionPool]2024/11/21 08:30:05 [Debug] Block 9(type: 2) put to connRecvQueue.
[BlockProcessor]2024/11/21 08:30:05 [Debug] Send Block 9 directly
[InboundConnection-1140325790]2024/11/21 08:30:05 [Debug] Read in a block.
[InboundConnection-1140325790]2024/11/21 08:30:05 [Debug] Send data block.
[ConnectionPool]2024/11/21 08:30:05 [Debug] Block 11(type: 2) put to connSendQueue.
[Tunnel-1526461505]2024/11/21 08:30:05 [Debug] Copied data to tunnel successfully(n: 271).
[Tunnel-3771665272]2024/11/21 08:30:05 [Debug] Block received from tunnel(type: 2)successfully.
[ConnectionPool]2024/11/21 08:30:05 [Debug] Block 10(type: 2) put to connRecvQueue.
[BlockProcessor]2024/11/21 08:30:05 [Debug] Send Block 10 directly
[InboundConnection-1140325790]2024/11/21 08:30:05 [Debug] Read in a block.
[InboundConnection-1140325790]2024/11/21 08:30:10 [Debug] Send data block.
[ConnectionPool]2024/11/21 08:30:10 [Debug] Block 12(type: 2) put to connSendQueue.
[Tunnel-1678977367]2024/11/21 08:30:10 [Debug] Copied data to tunnel successfully(n: 109).
[Tunnel-1526461505]2024/11/21 08:30:10 [Debug] Block received from tunnel(type: 2)successfully.
[ConnectionPool]2024/11/21 08:30:10 [Debug] Block 11(type: 2) put to connRecvQueue.
[BlockProcessor]2024/11/21 08:30:10 [Debug] Send Block 11 directly
[InboundConnection-1140325790]2024/11/21 08:30:10 [Debug] Read in a block.
[InboundConnection-1140325790]2024/11/21 08:30:10 [Debug] Send data block.
[ConnectionPool]2024/11/21 08:30:10 [Debug] Block 13(type: 2) put to connSendQueue.
[Tunnel-955987353]2024/11/21 08:30:10 [Debug] Copied data to tunnel successfully(n: 93).
[Tunnel-955987353]2024/11/21 08:30:10 [Debug] Block received from tunnel(type: 2)successfully.
[ConnectionPool]2024/11/21 08:30:10 [Debug] Block 13(type: 2) put to connRecvQueue.
[BlockProcessor]2024/11/21 08:30:10 [Debug] Put Block 13 to cache
[Tunnel-1678977367]2024/11/21 08:30:10 [Debug] Block received from tunnel(type: 2)successfully.
[ConnectionPool]2024/11/21 08:30:10 [Debug] Block 12(type: 2) put to connRecvQueue.
[BlockProcessor]2024/11/21 08:30:10 [Debug] Send Block 12 directly
[BlockProcessor]2024/11/21 08:30:10 [Debug] Send Block 13 from cache
[InboundConnection-1140325790]2024/11/21 08:30:10 [Debug] Read in a block.
[InboundConnection-1140325790]2024/11/21 08:30:10 [Debug] Read in a block.
[InboundConnection-1140325790]2024/11/21 08:30:10 [Debug] Send data block.
[ConnectionPool]2024/11/21 08:30:10 [Debug] Block 14(type: 2) put to connSendQueue.
[Tunnel-3413227532]2024/11/21 08:30:10 [Debug] Copied data to tunnel successfully(n: 77).
[InboundConnection-1140325790]2024/11/21 08:30:10 [Debug] Send data block.
[ConnectionPool]2024/11/21 08:30:10 [Debug] Block 15(type: 2) put to connSendQueue.
[Tunnel-932556813]2024/11/21 08:30:10 [Debug] Copied data to tunnel successfully(n: 93).
[Tunnel-3413227532]2024/11/21 08:30:10 [Debug] Block received from tunnel(type: 2)successfully.
[ConnectionPool]2024/11/21 08:30:10 [Debug] Block 14(type: 2) put to connRecvQueue.
[BlockProcessor]2024/11/21 08:30:10 [Debug] Send Block 14 directly
[InboundConnection-1140325790]2024/11/21 08:30:10 [Debug] Read in a block.
[Tunnel-932556813]2024/11/21 08:30:10 [Debug] Block received from tunnel(type: 2)successfully.
[ConnectionPool]2024/11/21 08:30:10 [Debug] Block 15(type: 2) put to connRecvQueue.
[BlockProcessor]2024/11/21 08:30:10 [Debug] Send Block 15 directly
[InboundConnection-1140325790]2024/11/21 08:30:10 [Debug] Read in a block.
[InboundConnection-1140325790]2024/11/21 08:30:10 [Debug] Send data block.
[ConnectionPool]2024/11/21 08:30:10 [Debug] Block 16(type: 2) put to connSendQueue.
[Tunnel-518958688]2024/11/21 08:30:10 [Debug] Copied data to tunnel successfully(n: 77).
[InboundConnection-1140325790]2024/11/21 08:30:10 [Debug] Send data block.
[ConnectionPool]2024/11/21 08:30:10 [Debug] Block 17(type: 2) put to connSendQueue.
[Tunnel-3512584362]2024/11/21 08:30:10 [Debug] Copied data to tunnel successfully(n: 287).
[Tunnel-518958688]2024/11/21 08:30:10 [Debug] Block received from tunnel(type: 2)successfully.
[ConnectionPool]2024/11/21 08:30:10 [Debug] Block 16(type: 2) put to connRecvQueue.
[BlockProcessor]2024/11/21 08:30:10 [Debug] Send Block 16 directly
[InboundConnection-1140325790]2024/11/21 08:30:10 [Debug] Read in a block.
[Tunnel-3512584362]2024/11/21 08:30:10 [Debug] Block received from tunnel(type: 2)successfully.
[ConnectionPool]2024/11/21 08:30:10 [Debug] Block 17(type: 2) put to connRecvQueue.
[BlockProcessor]2024/11/21 08:30:10 [Debug] Send Block 17 directly
[InboundConnection-1140325790]2024/11/21 08:30:10 [Debug] Read in a block.
[InboundConnection-1140325790]2024/11/21 08:30:10 [Debug] Send data block.
[ConnectionPool]2024/11/21 08:30:10 [Debug] Block 18(type: 2) put to connSendQueue.
[Tunnel-1010401980]2024/11/21 08:30:10 [Debug] Copied data to tunnel successfully(n: 77).
[InboundConnection-1140325790]2024/11/21 08:30:10 [Debug] Send data block.
[ConnectionPool]2024/11/21 08:30:10 [Debug] Block 19(type: 2) put to connSendQueue.
[Tunnel-1970733867]2024/11/21 08:30:10 [Debug] Copied data to tunnel successfully(n: 239).
[Tunnel-1010401980]2024/11/21 08:30:11 [Debug] Block received from tunnel(type: 2)successfully.
[ConnectionPool]2024/11/21 08:30:11 [Debug] Block 18(type: 2) put to connRecvQueue.
[BlockProcessor]2024/11/21 08:30:11 [Debug] Send Block 18 directly
[InboundConnection-1140325790]2024/11/21 08:30:11 [Debug] Read in a block.
[Tunnel-1970733867]2024/11/21 08:30:11 [Debug] Block received from tunnel(type: 2)successfully.
[ConnectionPool]2024/11/21 08:30:11 [Debug] Block 19(type: 2) put to connRecvQueue.
[BlockProcessor]2024/11/21 08:30:11 [Debug] Send Block 19 directly
[InboundConnection-1140325790]2024/11/21 08:30:11 [Debug] Read in a block.
[InboundConnection-1140325790]2024/11/21 08:30:11 [Debug] Send data block.
[ConnectionPool]2024/11/21 08:30:11 [Debug] Block 20(type: 2) put to connSendQueue.
[Tunnel-3203854257]2024/11/21 08:30:11 [Debug] Copied data to tunnel successfully(n: 77).
[InboundConnection-1140325790]2024/11/21 08:30:11 [Debug] Send data block.
[ConnectionPool]2024/11/21 08:30:11 [Debug] Block 21(type: 2) put to connSendQueue.
[Tunnel-265765879]2024/11/21 08:30:11 [Debug] Copied data to tunnel successfully(n: 207).
[InboundConnection-1140325790]2024/11/21 08:30:11 [Debug] Send data block.
[ConnectionPool]2024/11/21 08:30:11 [Debug] Block 22(type: 2) put to connSendQueue.
[Tunnel-3771665272]2024/11/21 08:30:11 [Debug] Copied data to tunnel successfully(n: 2095).
[Tunnel-265765879]2024/11/21 08:30:11 [Debug] Block received from tunnel(type: 2)successfully.
[ConnectionPool]2024/11/21 08:30:11 [Debug] Block 21(type: 2) put to connRecvQueue.
[BlockProcessor]2024/11/21 08:30:11 [Debug] Put Block 21 to cache
[Tunnel-3203854257]2024/11/21 08:30:11 [Debug] Block received from tunnel(type: 2)successfully.
[ConnectionPool]2024/11/21 08:30:11 [Debug] Block 20(type: 2) put to connRecvQueue.
[BlockProcessor]2024/11/21 08:30:11 [Debug] Send Block 20 directly
[BlockProcessor]2024/11/21 08:30:11 [Debug] Send Block 21 from cache
[InboundConnection-1140325790]2024/11/21 08:30:11 [Debug] Read in a block.
[InboundConnection-1140325790]2024/11/21 08:30:11 [Debug] Read in a block.
[Tunnel-3771665272]2024/11/21 08:30:11 [Debug] Block received from tunnel(type: 2)successfully.
[ConnectionPool]2024/11/21 08:30:11 [Debug] Block 22(type: 2) put to connRecvQueue.
[BlockProcessor]2024/11/21 08:30:11 [Debug] Send Block 22 directly
[InboundConnection-1140325790]2024/11/21 08:30:11 [Debug] Read in a block.
[InboundConnection-1140325790]2024/11/21 08:30:11 [Debug] Send data block.
[ConnectionPool]2024/11/21 08:30:11 [Debug] Block 23(type: 2) put to connSendQueue.
[Tunnel-1526461505]2024/11/21 08:30:11 [Debug] Copied data to tunnel successfully(n: 77).
[Tunnel-1526461505]2024/11/21 08:30:11 [Debug] Block received from tunnel(type: 2)successfully.
[ConnectionPool]2024/11/21 08:30:11 [Debug] Block 23(type: 2) put to connRecvQueue.
[BlockProcessor]2024/11/21 08:30:11 [Debug] Send Block 23 directly
[InboundConnection-1140325790]2024/11/21 08:30:11 [Debug] Read in a block.
[InboundConnection-1140325790]2024/11/21 08:30:11 [Debug] Send data block.
[ConnectionPool]2024/11/21 08:30:11 [Debug] Block 24(type: 2) put to connSendQueue.
[Tunnel-1678977367]2024/11/21 08:30:11 [Debug] Copied data to tunnel successfully(n: 77).
[InboundConnection-1140325790]2024/11/21 08:30:11 [Debug] Send data block.
[ConnectionPool]2024/11/21 08:30:11 [Debug] Block 25(type: 2) put to connSendQueue.
[Tunnel-955987353]2024/11/21 08:30:11 [Debug] Copied data to tunnel successfully(n: 77).
[Tunnel-955987353]2024/11/21 08:30:11 [Debug] Block received from tunnel(type: 2)successfully.
[ConnectionPool]2024/11/21 08:30:11 [Debug] Block 24(type: 2) put to connRecvQueue.
[BlockProcessor]2024/11/21 08:30:11 [Debug] Send Block 24 directly
[InboundConnection-1140325790]2024/11/21 08:30:11 [Debug] Read in a block.
[InboundConnection-1140325790]2024/11/21 08:30:16 [Debug] Send data block.
[ConnectionPool]2024/11/21 08:30:16 [Debug] Block 26(type: 2) put to connSendQueue.
[Tunnel-3413227532]2024/11/21 08:30:16 [Debug] Copied data to tunnel successfully(n: 109).
[Tunnel-1678977367]2024/11/21 08:30:17 [Debug] Block received from tunnel(type: 2)successfully.
[ConnectionPool]2024/11/21 08:30:17 [Debug] Block 25(type: 2) put to connRecvQueue.
[BlockProcessor]2024/11/21 08:30:17 [Debug] Send Block 25 directly
[InboundConnection-1140325790]2024/11/21 08:30:17 [Debug] Read in a block.
[InboundConnection-1140325790]2024/11/21 08:30:17 [Debug] Send data block.
[ConnectionPool]2024/11/21 08:30:17 [Debug] Block 27(type: 2) put to connSendQueue.
[Tunnel-932556813]2024/11/21 08:30:17 [Debug] Copied data to tunnel successfully(n: 77).
[Tunnel-3413227532]2024/11/21 08:30:17 [Debug] Block received from tunnel(type: 2)successfully.
[ConnectionPool]2024/11/21 08:30:17 [Debug] Block 26(type: 2) put to connRecvQueue.
[BlockProcessor]2024/11/21 08:30:17 [Debug] Send Block 26 directly
[InboundConnection-1140325790]2024/11/21 08:30:17 [Debug] Read in a block.
[BlockProcessor]2024/11/21 08:30:24 [Debug] Packet wait time exceed of Connection 1140325790.
[BlockProcessor]2024/11/21 08:30:24 [Debug] recvBlockId == lastRecvBlockID(27), but Connection 1140325790 is not in waiting status, continue.
[Tunnel-932556813]2024/11/21 08:30:30 [Debug] Block received from tunnel(type: 2)successfully.
[ConnectionPool]2024/11/21 08:30:30 [Debug] Block 27(type: 2) put to connRecvQueue.
[BlockProcessor]2024/11/21 08:30:30 [Debug] Send Block 27 directly
[InboundConnection-1140325790]2024/11/21 08:30:30 [Debug] Read in a block.
[InboundConnection-1140325790]2024/11/21 08:30:30 [Debug] Send data block.
[ConnectionPool]2024/11/21 08:30:30 [Debug] Block 28(type: 2) put to connSendQueue.
[Tunnel-518958688]2024/11/21 08:30:30 [Debug] Copied data to tunnel successfully(n: 77).
[InboundConnection-1140325790]2024/11/21 08:30:30 [Debug] Send data block.
[ConnectionPool]2024/11/21 08:30:30 [Debug] Block 29(type: 2) put to connSendQueue.
[Tunnel-3512584362]2024/11/21 08:30:30 [Debug] Copied data to tunnel successfully(n: 77).
[Tunnel-518958688]2024/11/21 08:30:30 [Debug] Block received from tunnel(type: 2)successfully.
[ConnectionPool]2024/11/21 08:30:30 [Debug] Block 28(type: 2) put to connRecvQueue.
[BlockProcessor]2024/11/21 08:30:30 [Debug] Send Block 28 directly
[InboundConnection-1140325790]2024/11/21 08:30:30 [Debug] Read in a block.
[BlockProcessor]2024/11/21 08:30:37 [Debug] Packet wait time exceed of Connection 1140325790.
[BlockProcessor]2024/11/21 08:30:37 [Debug] recvBlockId == lastRecvBlockID(29), but Connection 1140325790 is not in waiting status, continue.
[BlockProcessor]2024/11/21 08:30:44 [Debug] Packet wait time exceed of Connection 1140325790.
[BlockProcessor]2024/11/21 08:30:44 [Debug] recvBlockId == lastRecvBlockID(29), but Connection 1140325790 is not in waiting status, continue.
[InboundConnection-1140325790]2024/11/21 08:30:46 [Debug] Send data block.
[ConnectionPool]2024/11/21 08:30:46 [Debug] Block 30(type: 2) put to connSendQueue.
[Tunnel-1010401980]2024/11/21 08:30:46 [Debug] Copied data to tunnel successfully(n: 109).
[Tunnel-3512584362]2024/11/21 08:30:46 [Debug] Block received from tunnel(type: 2)successfully.
[ConnectionPool]2024/11/21 08:30:46 [Debug] Block 29(type: 2) put to connRecvQueue.
[BlockProcessor]2024/11/21 08:30:46 [Debug] Send Block 29 directly
[InboundConnection-1140325790]2024/11/21 08:30:46 [Debug] Read in a block.
[InboundConnection-1140325790]2024/11/21 08:30:46 [Debug] Send data block.
[ConnectionPool]2024/11/21 08:30:46 [Debug] Block 31(type: 2) put to connSendQueue.
[Tunnel-1970733867]2024/11/21 08:30:46 [Debug] Copied data to tunnel successfully(n: 77).
[Tunnel-1010401980]2024/11/21 08:30:46 [Debug] Block received from tunnel(type: 2)successfully.
[ConnectionPool]2024/11/21 08:30:46 [Debug] Block 30(type: 2) put to connRecvQueue.
[BlockProcessor]2024/11/21 08:30:46 [Debug] Send Block 30 directly
[InboundConnection-1140325790]2024/11/21 08:30:46 [Debug] Read in a block.
[BlockProcessor]2024/11/21 08:30:53 [Debug] Packet wait time exceed of Connection 1140325790.
[BlockProcessor]2024/11/21 08:30:53 [Debug] recvBlockId == lastRecvBlockID(31), but Connection 1140325790 is not in waiting status, continue.
[Tunnel-1970733867]2024/11/21 08:30:55 [Debug] Block received from tunnel(type: 2)successfully.
[ConnectionPool]2024/11/21 08:30:55 [Debug] Block 31(type: 2) put to connRecvQueue.
[BlockProcessor]2024/11/21 08:30:55 [Debug] Send Block 31 directly
[InboundConnection-1140325790]2024/11/21 08:30:55 [Debug] Read in a block.
[InboundConnection-1140325790]2024/11/21 08:30:55 [Debug] Send data block.
[ConnectionPool]2024/11/21 08:30:55 [Debug] Block 32(type: 2) put to connSendQueue.
[Tunnel-3203854257]2024/11/21 08:30:55 [Debug] Copied data to tunnel successfully(n: 77).
[InboundConnection-1140325790]2024/11/21 08:30:55 [Debug] Send data block.
[ConnectionPool]2024/11/21 08:30:55 [Debug] Block 33(type: 2) put to connSendQueue.
[Tunnel-265765879]2024/11/21 08:30:55 [Debug] Copied data to tunnel successfully(n: 77).
[Tunnel-3203854257]2024/11/21 08:30:55 [Debug] Block received from tunnel(type: 2)successfully.
[ConnectionPool]2024/11/21 08:30:55 [Debug] Block 32(type: 2) put to connRecvQueue.
[BlockProcessor]2024/11/21 08:30:55 [Debug] Send Block 32 directly
[InboundConnection-1140325790]2024/11/21 08:30:55 [Debug] Read in a block.
[BlockProcessor]2024/11/21 08:31:02 [Debug] Packet wait time exceed of Connection 1140325790.
[BlockProcessor]2024/11/21 08:31:02 [Debug] recvBlockId == lastRecvBlockID(33), but Connection 1140325790 is not in waiting status, continue.
[BlockProcessor]2024/11/21 08:31:09 [Debug] Packet wait time exceed of Connection 1140325790.
[BlockProcessor]2024/11/21 08:31:09 [Debug] recvBlockId == lastRecvBlockID(33), but Connection 1140325790 is not in waiting status, continue.
[BlockProcessor]2024/11/21 08:31:16 [Debug] Packet wait time exceed of Connection 1140325790.
[BlockProcessor]2024/11/21 08:31:16 [Debug] recvBlockId == lastRecvBlockID(33), but Connection 1140325790 is not in waiting status, continue.
[Tunnel-265765879]2024/11/21 08:31:20 [Debug] Block received from tunnel(type: 2)successfully.
[ConnectionPool]2024/11/21 08:31:20 [Debug] Block 33(type: 2) put to connRecvQueue.
[BlockProcessor]2024/11/21 08:31:20 [Debug] Send Block 33 directly
[InboundConnection-1140325790]2024/11/21 08:31:20 [Debug] Read in a block.
[InboundConnection-1140325790]2024/11/21 08:31:20 [Debug] Send data block.
[ConnectionPool]2024/11/21 08:31:20 [Debug] Block 34(type: 2) put to connSendQueue.
[Tunnel-3771665272]2024/11/21 08:31:20 [Debug] Copied data to tunnel successfully(n: 77).
[InboundConnection-1140325790]2024/11/21 08:31:20 [Debug] Send data block.
[ConnectionPool]2024/11/21 08:31:20 [Debug] Block 35(type: 2) put to connSendQueue.
[Tunnel-1526461505]2024/11/21 08:31:20 [Debug] Copied data to tunnel successfully(n: 77).
[Tunnel-3771665272]2024/11/21 08:31:21 [Debug] Block received from tunnel(type: 2)successfully.
[ConnectionPool]2024/11/21 08:31:21 [Debug] Block 34(type: 2) put to connRecvQueue.
[BlockProcessor]2024/11/21 08:31:21 [Debug] Send Block 34 directly
[InboundConnection-1140325790]2024/11/21 08:31:21 [Debug] Read in a block.
[InboundConnection-1140325790]2024/11/21 08:31:24 [Debug] Send data block.
[ConnectionPool]2024/11/21 08:31:24 [Debug] Block 36(type: 2) put to connSendQueue.
[Tunnel-1678977367]2024/11/21 08:31:24 [Debug] Copied data to tunnel successfully(n: 109).
[Tunnel-1526461505]2024/11/21 08:31:25 [Debug] Block received from tunnel(type: 2)successfully.
[ConnectionPool]2024/11/21 08:31:25 [Debug] Block 35(type: 2) put to connRecvQueue.
[BlockProcessor]2024/11/21 08:31:25 [Debug] Send Block 35 directly
[InboundConnection-1140325790]2024/11/21 08:31:25 [Debug] Read in a block.
[InboundConnection-1140325790]2024/11/21 08:31:25 [Debug] Send data block.
[ConnectionPool]2024/11/21 08:31:25 [Debug] Block 37(type: 2) put to connSendQueue.
[Tunnel-955987353]2024/11/21 08:31:25 [Debug] Copied data to tunnel successfully(n: 77).
[Tunnel-955987353]2024/11/21 08:31:25 [Debug] Block received from tunnel(type: 2)successfully.
[ConnectionPool]2024/11/21 08:31:25 [Debug] Block 36(type: 2) put to connRecvQueue.
[BlockProcessor]2024/11/21 08:31:25 [Debug] Send Block 36 directly
[InboundConnection-1140325790]2024/11/21 08:31:25 [Debug] Read in a block.
[BlockProcessor]2024/11/21 08:31:32 [Debug] Packet wait time exceed of Connection 1140325790.
[BlockProcessor]2024/11/21 08:31:32 [Debug] recvBlockId == lastRecvBlockID(37), but Connection 1140325790 is not in waiting status, continue.
[BlockProcessor]2024/11/21 08:31:39 [Debug] Packet wait time exceed of Connection 1140325790.
[BlockProcessor]2024/11/21 08:31:39 [Debug] recvBlockId == lastRecvBlockID(37), but Connection 1140325790 is not in waiting status, continue.
[Tunnel-1678977367]2024/11/21 08:31:45 [Debug] Block received from tunnel(type: 2)successfully.
[ConnectionPool]2024/11/21 08:31:45 [Debug] Block 37(type: 2) put to connRecvQueue.
[BlockProcessor]2024/11/21 08:31:45 [Debug] Send Block 37 directly
[InboundConnection-1140325790]2024/11/21 08:31:45 [Debug] Read in a block.
[InboundConnection-1140325790]2024/11/21 08:31:45 [Debug] Send data block.
[ConnectionPool]2024/11/21 08:31:45 [Debug] Block 38(type: 2) put to connSendQueue.
[Tunnel-3413227532]2024/11/21 08:31:45 [Debug] Copied data to tunnel successfully(n: 77).
[InboundConnection-1140325790]2024/11/21 08:31:46 [Debug] Send data block.
[ConnectionPool]2024/11/21 08:31:46 [Debug] Block 39(type: 2) put to connSendQueue.
[Tunnel-932556813]2024/11/21 08:31:46 [Debug] Copied data to tunnel successfully(n: 77).
[Tunnel-3413227532]2024/11/21 08:31:46 [Debug] Block received from tunnel(type: 2)successfully.
[ConnectionPool]2024/11/21 08:31:46 [Debug] Block 38(type: 2) put to connRecvQueue.
[BlockProcessor]2024/11/21 08:31:46 [Debug] Send Block 38 directly
[InboundConnection-1140325790]2024/11/21 08:31:46 [Debug] Read in a block.
[BlockProcessor]2024/11/21 08:31:53 [Debug] Packet wait time exceed of Connection 1140325790.
[BlockProcessor]2024/11/21 08:31:53 [Debug] recvBlockId == lastRecvBlockID(39), but Connection 1140325790 is not in waiting status, continue.
[InboundConnection-1140325790]2024/11/21 08:31:53 [Debug] Send data block.
[ConnectionPool]2024/11/21 08:31:53 [Debug] Block 40(type: 2) put to connSendQueue.
[Tunnel-518958688]2024/11/21 08:31:53 [Debug] Copied data to tunnel successfully(n: 109).
[Tunnel-932556813]2024/11/21 08:31:53 [Debug] Block received from tunnel(type: 2)successfully.
[ConnectionPool]2024/11/21 08:31:53 [Debug] Block 39(type: 2) put to connRecvQueue.
[BlockProcessor]2024/11/21 08:31:53 [Debug] Send Block 39 directly
[InboundConnection-1140325790]2024/11/21 08:31:53 [Debug] Read in a block.
[InboundConnection-1140325790]2024/11/21 08:31:53 [Debug] Send data block.
[ConnectionPool]2024/11/21 08:31:53 [Debug] Block 41(type: 2) put to connSendQueue.
[Tunnel-3512584362]2024/11/21 08:31:53 [Debug] Copied data to tunnel successfully(n: 77).
[Tunnel-518958688]2024/11/21 08:31:53 [Debug] Block received from tunnel(type: 2)successfully.
[ConnectionPool]2024/11/21 08:31:53 [Debug] Block 40(type: 2) put to connRecvQueue.
[BlockProcessor]2024/11/21 08:31:53 [Debug] Send Block 40 directly
[InboundConnection-1140325790]2024/11/21 08:31:53 [Debug] Read in a block.
[BlockProcessor]2024/11/21 08:32:00 [Debug] Packet wait time exceed of Connection 1140325790.
[BlockProcessor]2024/11/21 08:32:00 [Debug] recvBlockId == lastRecvBlockID(41), but Connection 1140325790 is not in waiting status, continue.
[BlockProcessor]2024/11/21 08:32:07 [Debug] Packet wait time exceed of Connection 1140325790.
[BlockProcessor]2024/11/21 08:32:07 [Debug] recvBlockId == lastRecvBlockID(41), but Connection 1140325790 is not in waiting status, continue.
[Tunnel-3512584362]2024/11/21 08:32:11 [Debug] Block received from tunnel(type: 2)successfully.
[ConnectionPool]2024/11/21 08:32:11 [Debug] Block 41(type: 2) put to connRecvQueue.
[BlockProcessor]2024/11/21 08:32:11 [Debug] Send Block 41 directly
[InboundConnection-1140325790]2024/11/21 08:32:11 [Debug] Read in a block.
[InboundConnection-1140325790]2024/11/21 08:32:11 [Debug] Send data block.
[ConnectionPool]2024/11/21 08:32:11 [Debug] Block 42(type: 2) put to connSendQueue.
[Tunnel-1010401980]2024/11/21 08:32:11 [Debug] Copied data to tunnel successfully(n: 77).
[InboundConnection-1140325790]2024/11/21 08:32:11 [Debug] Send data block.
[ConnectionPool]2024/11/21 08:32:11 [Debug] Block 43(type: 2) put to connSendQueue.
[Tunnel-1970733867]2024/11/21 08:32:11 [Debug] Copied data to tunnel successfully(n: 77).
[Tunnel-1010401980]2024/11/21 08:32:11 [Debug] Block received from tunnel(type: 2)successfully.
[ConnectionPool]2024/11/21 08:32:11 [Debug] Block 42(type: 2) put to connRecvQueue.
[BlockProcessor]2024/11/21 08:32:11 [Debug] Send Block 42 directly
[InboundConnection-1140325790]2024/11/21 08:32:11 [Debug] Read in a block.
[BlockProcessor]2024/11/21 08:32:18 [Debug] Packet wait time exceed of Connection 1140325790.
[BlockProcessor]2024/11/21 08:32:18 [Debug] recvBlockId == lastRecvBlockID(43), but Connection 1140325790 is not in waiting status, continue.
[InboundConnection-1140325790]2024/11/21 08:32:22 [Debug] Send data block.
[ConnectionPool]2024/11/21 08:32:22 [Debug] Block 44(type: 2) put to connSendQueue.
[Tunnel-3203854257]2024/11/21 08:32:22 [Debug] Copied data to tunnel successfully(n: 109).
[Tunnel-1970733867]2024/11/21 08:32:22 [Debug] Block received from tunnel(type: 2)successfully.
[ConnectionPool]2024/11/21 08:32:22 [Debug] Block 43(type: 2) put to connRecvQueue.
[BlockProcessor]2024/11/21 08:32:22 [Debug] Send Block 43 directly
[InboundConnection-1140325790]2024/11/21 08:32:22 [Debug] Read in a block.
[InboundConnection-1140325790]2024/11/21 08:32:22 [Debug] Send data block.
[ConnectionPool]2024/11/21 08:32:22 [Debug] Block 45(type: 2) put to connSendQueue.
[Tunnel-265765879]2024/11/21 08:32:22 [Debug] Copied data to tunnel successfully(n: 77).
[Tunnel-3203854257]2024/11/21 08:32:22 [Debug] Block received from tunnel(type: 2)successfully.
[ConnectionPool]2024/11/21 08:32:22 [Debug] Block 44(type: 2) put to connRecvQueue.
[BlockProcessor]2024/11/21 08:32:22 [Debug] Send Block 44 directly
[InboundConnection-1140325790]2024/11/21 08:32:22 [Debug] Read in a block.
[BlockProcessor]2024/11/21 08:32:29 [Debug] Packet wait time exceed of Connection 1140325790.
[BlockProcessor]2024/11/21 08:32:29 [Debug] recvBlockId == lastRecvBlockID(45), but Connection 1140325790 is not in waiting status, continue.
[Tunnel-265765879]2024/11/21 08:32:36 [Debug] Block received from tunnel(type: 2)successfully.
[ConnectionPool]2024/11/21 08:32:36 [Debug] Block 45(type: 2) put to connRecvQueue.
[BlockProcessor]2024/11/21 08:32:36 [Debug] Send Block 45 directly
[InboundConnection-1140325790]2024/11/21 08:32:36 [Debug] Read in a block.
[InboundConnection-1140325790]2024/11/21 08:32:36 [Debug] Send data block.
[ConnectionPool]2024/11/21 08:32:36 [Debug] Block 46(type: 2) put to connSendQueue.
[Tunnel-3771665272]2024/11/21 08:32:36 [Debug] Copied data to tunnel successfully(n: 77).
[InboundConnection-1140325790]2024/11/21 08:32:36 [Debug] Send data block.
[ConnectionPool]2024/11/21 08:32:36 [Debug] Block 47(type: 2) put to connSendQueue.
[Tunnel-1526461505]2024/11/21 08:32:36 [Debug] Copied data to tunnel successfully(n: 77).
[Tunnel-3771665272]2024/11/21 08:32:36 [Debug] Block received from tunnel(type: 2)successfully.
[ConnectionPool]2024/11/21 08:32:36 [Debug] Block 46(type: 2) put to connRecvQueue.
[BlockProcessor]2024/11/21 08:32:36 [Debug] Send Block 46 directly
[InboundConnection-1140325790]2024/11/21 08:32:36 [Debug] Read in a block.
[BlockProcessor]2024/11/21 08:32:43 [Debug] Packet wait time exceed of Connection 1140325790.
[BlockProcessor]2024/11/21 08:32:43 [Debug] recvBlockId == lastRecvBlockID(47), but Connection 1140325790 is not in waiting status, continue.
[BlockProcessor]2024/11/21 08:32:50 [Debug] Packet wait time exceed of Connection 1140325790.
[BlockProcessor]2024/11/21 08:32:50 [Debug] recvBlockId == lastRecvBlockID(47), but Connection 1140325790 is not in waiting status, continue.
[BlockProcessor]2024/11/21 08:32:57 [Debug] Packet wait time exceed of Connection 1140325790.
[BlockProcessor]2024/11/21 08:32:57 [Debug] recvBlockId == lastRecvBlockID(47), but Connection 1140325790 is not in waiting status, continue.
[InboundConnection-1140325790]2024/11/21 08:32:59 [Debug] Send data block.
[ConnectionPool]2024/11/21 08:32:59 [Debug] Block 48(type: 2) put to connSendQueue.
[Tunnel-1678977367]2024/11/21 08:32:59 [Debug] Copied data to tunnel successfully(n: 109).
[Tunnel-1526461505]2024/11/21 08:32:59 [Debug] Block received from tunnel(type: 2)successfully.
[ConnectionPool]2024/11/21 08:32:59 [Debug] Block 47(type: 2) put to connRecvQueue.
[BlockProcessor]2024/11/21 08:32:59 [Debug] Send Block 47 directly
[InboundConnection-1140325790]2024/11/21 08:32:59 [Debug] Read in a block.
[InboundConnection-1140325790]2024/11/21 08:32:59 [Debug] Send data block.
[ConnectionPool]2024/11/21 08:32:59 [Debug] Block 49(type: 2) put to connSendQueue.
[Tunnel-955987353]2024/11/21 08:32:59 [Debug] Copied data to tunnel successfully(n: 77).
[Tunnel-955987353]2024/11/21 08:32:59 [Debug] Block received from tunnel(type: 2)successfully.
[ConnectionPool]2024/11/21 08:32:59 [Debug] Block 48(type: 2) put to connRecvQueue.
[BlockProcessor]2024/11/21 08:32:59 [Debug] Send Block 48 directly
[InboundConnection-1140325790]2024/11/21 08:32:59 [Debug] Read in a block.
[Tunnel-1678977367]2024/11/21 08:33:01 [Debug] Block received from tunnel(type: 2)successfully.
[ConnectionPool]2024/11/21 08:33:01 [Debug] Block 49(type: 2) put to connRecvQueue.
[BlockProcessor]2024/11/21 08:33:01 [Debug] Send Block 49 directly
[InboundConnection-1140325790]2024/11/21 08:33:01 [Debug] Read in a block.
[InboundConnection-1140325790]2024/11/21 08:33:01 [Debug] Send data block.
[ConnectionPool]2024/11/21 08:33:01 [Debug] Block 50(type: 2) put to connSendQueue.
[Tunnel-3413227532]2024/11/21 08:33:01 [Debug] Copied data to tunnel successfully(n: 77).
[InboundConnection-1140325790]2024/11/21 08:33:01 [Debug] Send data block.
[ConnectionPool]2024/11/21 08:33:01 [Debug] Block 51(type: 2) put to connSendQueue.
[Tunnel-932556813]2024/11/21 08:33:01 [Debug] Copied data to tunnel successfully(n: 77).
[Tunnel-3413227532]2024/11/21 08:33:01 [Debug] Block received from tunnel(type: 2)successfully.
[ConnectionPool]2024/11/21 08:33:01 [Debug] Block 50(type: 2) put to connRecvQueue.
[BlockProcessor]2024/11/21 08:33:01 [Debug] Send Block 50 directly
[InboundConnection-1140325790]2024/11/21 08:33:01 [Debug] Read in a block.
[BlockProcessor]2024/11/21 08:33:08 [Debug] Packet wait time exceed of Connection 1140325790.
[BlockProcessor]2024/11/21 08:33:08 [Debug] recvBlockId == lastRecvBlockID(51), but Connection 1140325790 is not in waiting status, continue.
[BlockProcessor]2024/11/21 08:33:15 [Debug] Packet wait time exceed of Connection 1140325790.
[BlockProcessor]2024/11/21 08:33:15 [Debug] recvBlockId == lastRecvBlockID(51), but Connection 1140325790 is not in waiting status, continue.
[InboundConnection-1140325790]2024/11/21 08:33:18 [Debug] Send data block.
[ConnectionPool]2024/11/21 08:33:18 [Debug] Block 52(type: 2) put to connSendQueue.
[Tunnel-518958688]2024/11/21 08:33:18 [Debug] Copied data to tunnel successfully(n: 109).
[Tunnel-932556813]2024/11/21 08:33:18 [Debug] Block received from tunnel(type: 2)successfully.
[ConnectionPool]2024/11/21 08:33:18 [Debug] Block 51(type: 2) put to connRecvQueue.
[BlockProcessor]2024/11/21 08:33:18 [Debug] Send Block 51 directly
[InboundConnection-1140325790]2024/11/21 08:33:18 [Debug] Read in a block.
[InboundConnection-1140325790]2024/11/21 08:33:18 [Debug] Send data block.
[ConnectionPool]2024/11/21 08:33:18 [Debug] Block 53(type: 2) put to connSendQueue.
[Tunnel-3512584362]2024/11/21 08:33:18 [Debug] Copied data to tunnel successfully(n: 77).
[Tunnel-518958688]2024/11/21 08:33:18 [Debug] Block received from tunnel(type: 2)successfully.
[ConnectionPool]2024/11/21 08:33:18 [Debug] Block 52(type: 2) put to connRecvQueue.
[BlockProcessor]2024/11/21 08:33:18 [Debug] Send Block 52 directly
[InboundConnection-1140325790]2024/11/21 08:33:18 [Debug] Read in a block.
[BlockProcessor]2024/11/21 08:33:25 [Debug] Packet wait time exceed of Connection 1140325790.
[BlockProcessor]2024/11/21 08:33:25 [Debug] recvBlockId == lastRecvBlockID(53), but Connection 1140325790 is not in waiting status, continue.
[Tunnel-3512584362]2024/11/21 08:33:26 [Debug] Block received from tunnel(type: 2)successfully.
[ConnectionPool]2024/11/21 08:33:26 [Debug] Block 53(type: 2) put to connRecvQueue.
[BlockProcessor]2024/11/21 08:33:26 [Debug] Send Block 53 directly
[InboundConnection-1140325790]2024/11/21 08:33:26 [Debug] Read in a block.
[InboundConnection-1140325790]2024/11/21 08:33:26 [Debug] Send data block.
[ConnectionPool]2024/11/21 08:33:26 [Debug] Block 54(type: 2) put to connSendQueue.
[Tunnel-1010401980]2024/11/21 08:33:26 [Debug] Copied data to tunnel successfully(n: 77).
[InboundConnection-1140325790]2024/11/21 08:33:26 [Debug] Send data block.
[ConnectionPool]2024/11/21 08:33:26 [Debug] Block 55(type: 2) put to connSendQueue.
[Tunnel-1970733867]2024/11/21 08:33:26 [Debug] Copied data to tunnel successfully(n: 77).
[Tunnel-1010401980]2024/11/21 08:33:26 [Debug] Block received from tunnel(type: 2)successfully.
[ConnectionPool]2024/11/21 08:33:26 [Debug] Block 54(type: 2) put to connRecvQueue.
[BlockProcessor]2024/11/21 08:33:26 [Debug] Send Block 54 directly
[InboundConnection-1140325790]2024/11/21 08:33:26 [Debug] Read in a block.
[BlockProcessor]2024/11/21 08:33:33 [Debug] Packet wait time exceed of Connection 1140325790.
[BlockProcessor]2024/11/21 08:33:33 [Debug] recvBlockId == lastRecvBlockID(55), but Connection 1140325790 is not in waiting status, continue.
[BlockProcessor]2024/11/21 08:33:40 [Debug] Packet wait time exceed of Connection 1140325790.
[BlockProcessor]2024/11/21 08:33:40 [Debug] recvBlockId == lastRecvBlockID(55), but Connection 1140325790 is not in waiting status, continue.
[InboundConnection-1140325790]2024/11/21 08:33:46 [Debug] Send data block.
[ConnectionPool]2024/11/21 08:33:46 [Debug] Block 56(type: 2) put to connSendQueue.
[Tunnel-3203854257]2024/11/21 08:33:46 [Debug] Copied data to tunnel successfully(n: 109).
[Tunnel-1970733867]2024/11/21 08:33:46 [Debug] Block received from tunnel(type: 2)successfully.
[ConnectionPool]2024/11/21 08:33:46 [Debug] Block 55(type: 2) put to connRecvQueue.
[BlockProcessor]2024/11/21 08:33:46 [Debug] Send Block 55 directly
[InboundConnection-1140325790]2024/11/21 08:33:46 [Debug] Read in a block.
[InboundConnection-1140325790]2024/11/21 08:33:46 [Debug] Send data block.
[ConnectionPool]2024/11/21 08:33:46 [Debug] Block 57(type: 2) put to connSendQueue.
[Tunnel-265765879]2024/11/21 08:33:46 [Debug] Copied data to tunnel successfully(n: 77).
[Tunnel-3203854257]2024/11/21 08:33:47 [Debug] Block received from tunnel(type: 2)successfully.
[ConnectionPool]2024/11/21 08:33:47 [Debug] Block 56(type: 2) put to connRecvQueue.
[BlockProcessor]2024/11/21 08:33:47 [Debug] Send Block 56 directly
[InboundConnection-1140325790]2024/11/21 08:33:47 [Debug] Read in a block.
[Tunnel-265765879]2024/11/21 08:33:51 [Debug] Block received from tunnel(type: 2)successfully.
[ConnectionPool]2024/11/21 08:33:51 [Debug] Block 57(type: 2) put to connRecvQueue.
[BlockProcessor]2024/11/21 08:33:51 [Debug] Send Block 57 directly
[InboundConnection-1140325790]2024/11/21 08:33:51 [Debug] Read in a block.
[InboundConnection-1140325790]2024/11/21 08:33:51 [Debug] Send data block.
[ConnectionPool]2024/11/21 08:33:51 [Debug] Block 58(type: 2) put to connSendQueue.
[Tunnel-3771665272]2024/11/21 08:33:51 [Debug] Copied data to tunnel successfully(n: 77).
[InboundConnection-1140325790]2024/11/21 08:33:51 [Debug] Send data block.
[ConnectionPool]2024/11/21 08:33:51 [Debug] Block 59(type: 2) put to connSendQueue.
[Tunnel-1526461505]2024/11/21 08:33:51 [Debug] Copied data to tunnel successfully(n: 77).
[Tunnel-3771665272]2024/11/21 08:33:51 [Debug] Block received from tunnel(type: 2)successfully.
[ConnectionPool]2024/11/21 08:33:51 [Debug] Block 58(type: 2) put to connRecvQueue.
[BlockProcessor]2024/11/21 08:33:51 [Debug] Send Block 58 directly
[InboundConnection-1140325790]2024/11/21 08:33:51 [Debug] Read in a block.
[BlockProcessor]2024/11/21 08:33:58 [Debug] Packet wait time exceed of Connection 1140325790.
[BlockProcessor]2024/11/21 08:33:58 [Debug] recvBlockId == lastRecvBlockID(59), but Connection 1140325790 is not in waiting status, continue.
[BlockProcessor]2024/11/21 08:34:05 [Debug] Packet wait time exceed of Connection 1140325790.
[BlockProcessor]2024/11/21 08:34:05 [Debug] recvBlockId == lastRecvBlockID(59), but Connection 1140325790 is not in waiting status, continue.
[BlockProcessor]2024/11/21 08:34:12 [Debug] Packet wait time exceed of Connection 1140325790.
[BlockProcessor]2024/11/21 08:34:12 [Debug] recvBlockId == lastRecvBlockID(59), but Connection 1140325790 is not in waiting status, continue.
[InboundConnection-1140325790]2024/11/21 08:34:16 [Debug] Send data block.
[ConnectionPool]2024/11/21 08:34:16 [Debug] Block 60(type: 2) put to connSendQueue.
[Tunnel-1678977367]2024/11/21 08:34:16 [Debug] Copied data to tunnel successfully(n: 77).
[Tunnel-1526461505]2024/11/21 08:34:16 [Debug] Block received from tunnel(type: 2)successfully.
[ConnectionPool]2024/11/21 08:34:16 [Debug] Block 59(type: 2) put to connRecvQueue.
[BlockProcessor]2024/11/21 08:34:16 [Debug] Send Block 59 directly
[InboundConnection-1140325790]2024/11/21 08:34:16 [Debug] Read in a block.
[InboundConnection-1140325790]2024/11/21 08:34:16 [Debug] Send data block.
[ConnectionPool]2024/11/21 08:34:16 [Debug] Block 61(type: 2) put to connSendQueue.
[Tunnel-955987353]2024/11/21 08:34:16 [Debug] Copied data to tunnel successfully(n: 77).
[Tunnel-955987353]2024/11/21 08:34:17 [Debug] Block received from tunnel(type: 2)successfully.
[ConnectionPool]2024/11/21 08:34:17 [Debug] Block 60(type: 2) put to connRecvQueue.
[BlockProcessor]2024/11/21 08:34:17 [Debug] Send Block 60 directly
[InboundConnection-1140325790]2024/11/21 08:34:17 [Debug] Read in a block.
[BlockProcessor]2024/11/21 08:34:24 [Debug] Packet wait time exceed of Connection 1140325790.
[BlockProcessor]2024/11/21 08:34:24 [Debug] recvBlockId == lastRecvBlockID(61), but Connection 1140325790 is not in waiting status, continue.
[InboundConnection-1140325790]2024/11/21 08:34:25 [Debug] Send data block.
[ConnectionPool]2024/11/21 08:34:25 [Debug] Block 62(type: 2) put to connSendQueue.
[Tunnel-3413227532]2024/11/21 08:34:25 [Debug] Copied data to tunnel successfully(n: 109).
[Tunnel-1678977367]2024/11/21 08:34:25 [Debug] Block received from tunnel(type: 2)successfully.
[ConnectionPool]2024/11/21 08:34:25 [Debug] Block 61(type: 2) put to connRecvQueue.
[BlockProcessor]2024/11/21 08:34:25 [Debug] Send Block 61 directly
[InboundConnection-1140325790]2024/11/21 08:34:25 [Debug] Read in a block.
[InboundConnection-1140325790]2024/11/21 08:34:25 [Debug] Send data block.
[ConnectionPool]2024/11/21 08:34:25 [Debug] Block 63(type: 2) put to connSendQueue.
[Tunnel-932556813]2024/11/21 08:34:25 [Debug] Copied data to tunnel successfully(n: 77).
[Tunnel-3413227532]2024/11/21 08:34:25 [Debug] Block received from tunnel(type: 2)successfully.
[ConnectionPool]2024/11/21 08:34:25 [Debug] Block 62(type: 2) put to connRecvQueue.
[BlockProcessor]2024/11/21 08:34:25 [Debug] Send Block 62 directly
[InboundConnection-1140325790]2024/11/21 08:34:25 [Debug] Read in a block.
[BlockProcessor]2024/11/21 08:34:32 [Debug] Packet wait time exceed of Connection 1140325790.
[BlockProcessor]2024/11/21 08:34:32 [Debug] recvBlockId == lastRecvBlockID(63), but Connection 1140325790 is not in waiting status, continue.
[BlockProcessor]2024/11/21 08:34:39 [Debug] Packet wait time exceed of Connection 1140325790.
[BlockProcessor]2024/11/21 08:34:39 [Debug] recvBlockId == lastRecvBlockID(63), but Connection 1140325790 is not in waiting status, continue.
[Tunnel-932556813]2024/11/21 08:34:42 [Debug] Block received from tunnel(type: 2)successfully.
[ConnectionPool]2024/11/21 08:34:42 [Debug] Block 63(type: 2) put to connRecvQueue.
[BlockProcessor]2024/11/21 08:34:42 [Debug] Send Block 63 directly
[InboundConnection-1140325790]2024/11/21 08:34:42 [Debug] Read in a block.
[InboundConnection-1140325790]2024/11/21 08:34:42 [Debug] Send data block.
[ConnectionPool]2024/11/21 08:34:42 [Debug] Block 64(type: 2) put to connSendQueue.
[Tunnel-518958688]2024/11/21 08:34:42 [Debug] Copied data to tunnel successfully(n: 77).
[InboundConnection-1140325790]2024/11/21 08:34:42 [Debug] Send data block.
[ConnectionPool]2024/11/21 08:34:42 [Debug] Block 65(type: 2) put to connSendQueue.
[Tunnel-3512584362]2024/11/21 08:34:42 [Debug] Copied data to tunnel successfully(n: 77).
[Tunnel-518958688]2024/11/21 08:34:42 [Debug] Block received from tunnel(type: 2)successfully.
[ConnectionPool]2024/11/21 08:34:42 [Debug] Block 64(type: 2) put to connRecvQueue.
[BlockProcessor]2024/11/21 08:34:42 [Debug] Send Block 64 directly
[InboundConnection-1140325790]2024/11/21 08:34:42 [Debug] Read in a block.
[BlockProcessor]2024/11/21 08:34:49 [Debug] Packet wait time exceed of Connection 1140325790.
[BlockProcessor]2024/11/21 08:34:49 [Debug] recvBlockId == lastRecvBlockID(65), but Connection 1140325790 is not in waiting status, continue.
[InboundConnection-1140325790]2024/11/21 08:34:49 [Debug] Send data block.
[ConnectionPool]2024/11/21 08:34:49 [Debug] Block 66(type: 2) put to connSendQueue.
[Tunnel-1010401980]2024/11/21 08:34:49 [Debug] Copied data to tunnel successfully(n: 109).
[Tunnel-3512584362]2024/11/21 08:34:50 [Debug] Block received from tunnel(type: 2)successfully.
[ConnectionPool]2024/11/21 08:34:50 [Debug] Block 65(type: 2) put to connRecvQueue.
[BlockProcessor]2024/11/21 08:34:50 [Debug] Send Block 65 directly
[InboundConnection-1140325790]2024/11/21 08:34:50 [Debug] Read in a block.
[InboundConnection-1140325790]2024/11/21 08:34:50 [Debug] Send data block.
[ConnectionPool]2024/11/21 08:34:50 [Debug] Block 67(type: 2) put to connSendQueue.
[Tunnel-1970733867]2024/11/21 08:34:50 [Debug] Copied data to tunnel successfully(n: 93).
[Tunnel-1970733867]2024/11/21 08:34:50 [Debug] Block received from tunnel(type: 2)successfully.
[ConnectionPool]2024/11/21 08:34:50 [Debug] Block 67(type: 2) put to connRecvQueue.
[BlockProcessor]2024/11/21 08:34:50 [Debug] Put Block 67 to cache
[Tunnel-1010401980]2024/11/21 08:34:50 [Debug] Block received from tunnel(type: 2)successfully.
[ConnectionPool]2024/11/21 08:34:50 [Debug] Block 66(type: 2) put to connRecvQueue.
[BlockProcessor]2024/11/21 08:34:50 [Debug] Send Block 66 directly
[BlockProcessor]2024/11/21 08:34:50 [Debug] Send Block 67 from cache
[InboundConnection-1140325790]2024/11/21 08:34:50 [Debug] Read in a block.
[InboundConnection-1140325790]2024/11/21 08:34:50 [Debug] Read in a block.
[InboundConnection-1140325790]2024/11/21 08:34:50 [Debug] Send data block.
[ConnectionPool]2024/11/21 08:34:50 [Debug] Block 68(type: 2) put to connSendQueue.
[Tunnel-3203854257]2024/11/21 08:34:50 [Debug] Copied data to tunnel successfully(n: 77).
[InboundConnection-1140325790]2024/11/21 08:34:50 [Debug] Send data block.
[ConnectionPool]2024/11/21 08:34:50 [Debug] Block 69(type: 2) put to connSendQueue.
[Tunnel-265765879]2024/11/21 08:34:50 [Debug] Copied data to tunnel successfully(n: 109).
[Tunnel-3203854257]2024/11/21 08:34:50 [Debug] Block received from tunnel(type: 2)successfully.
[ConnectionPool]2024/11/21 08:34:50 [Debug] Block 68(type: 2) put to connRecvQueue.
[BlockProcessor]2024/11/21 08:34:50 [Debug] Send Block 68 directly
[InboundConnection-1140325790]2024/11/21 08:34:50 [Debug] Read in a block.
[Tunnel-265765879]2024/11/21 08:34:50 [Debug] Block received from tunnel(type: 2)successfully.
[ConnectionPool]2024/11/21 08:34:50 [Debug] Block 69(type: 2) put to connRecvQueue.
[BlockProcessor]2024/11/21 08:34:50 [Debug] Send Block 69 directly
[InboundConnection-1140325790]2024/11/21 08:34:50 [Debug] Read in a block.
[InboundConnection-1140325790]2024/11/21 08:34:50 [Debug] Send data block.
[ConnectionPool]2024/11/21 08:34:50 [Debug] Block 70(type: 2) put to connSendQueue.
[Tunnel-3771665272]2024/11/21 08:34:50 [Debug] Copied data to tunnel successfully(n: 77).
[InboundConnection-1140325790]2024/11/21 08:34:50 [Debug] Send data block.
[ConnectionPool]2024/11/21 08:34:50 [Debug] Block 71(type: 2) put to connSendQueue.
[Tunnel-1526461505]2024/11/21 08:34:50 [Debug] Copied data to tunnel successfully(n: 399).
[Tunnel-3771665272]2024/11/21 08:34:50 [Debug] Block received from tunnel(type: 2)successfully.
[ConnectionPool]2024/11/21 08:34:50 [Debug] Block 70(type: 2) put to connRecvQueue.
[BlockProcessor]2024/11/21 08:34:50 [Debug] Send Block 70 directly
[InboundConnection-1140325790]2024/11/21 08:34:50 [Debug] Read in a block.
[Tunnel-1526461505]2024/11/21 08:34:50 [Debug] Block received from tunnel(type: 2)successfully.
[ConnectionPool]2024/11/21 08:34:50 [Debug] Block 71(type: 2) put to connRecvQueue.
[BlockProcessor]2024/11/21 08:34:50 [Debug] Send Block 71 directly
[InboundConnection-1140325790]2024/11/21 08:34:50 [Debug] Read in a block.
[InboundConnection-1140325790]2024/11/21 08:34:50 [Debug] Send data block.
[ConnectionPool]2024/11/21 08:34:50 [Debug] Block 72(type: 2) put to connSendQueue.
[Tunnel-1678977367]2024/11/21 08:34:50 [Debug] Copied data to tunnel successfully(n: 77).
[InboundConnection-1140325790]2024/11/21 08:34:50 [Debug] Send data block.
[InboundConnection-1140325790]2024/11/21 08:34:50 [Debug] Send data block.
[ConnectionPool]2024/11/21 08:34:50 [Debug] Block 73(type: 2) put to connSendQueue.
[ConnectionPool]2024/11/21 08:34:50 [Debug] Block 74(type: 2) put to connSendQueue.
[Tunnel-3413227532]2024/11/21 08:34:50 [Debug] Copied data to tunnel successfully(n: 175).
[Tunnel-955987353]2024/11/21 08:34:50 [Debug] Copied data to tunnel successfully(n: 157).
[Tunnel-955987353]2024/11/21 08:34:50 [Debug] Block received from tunnel(type: 2)successfully.
[ConnectionPool]2024/11/21 08:34:50 [Debug] Block 72(type: 2) put to connRecvQueue.
[BlockProcessor]2024/11/21 08:34:50 [Debug] Send Block 72 directly
[InboundConnection-1140325790]2024/11/21 08:34:50 [Debug] Read in a block.
[Tunnel-1678977367]2024/11/21 08:34:50 [Debug] Block received from tunnel(type: 2)successfully.
[ConnectionPool]2024/11/21 08:34:50 [Debug] Block 73(type: 2) put to connRecvQueue.
[BlockProcessor]2024/11/21 08:34:50 [Debug] Send Block 73 directly
[InboundConnection-1140325790]2024/11/21 08:34:50 [Debug] Read in a block.
[InboundConnection-1140325790]2024/11/21 08:34:50 [Debug] Send data block.
[ConnectionPool]2024/11/21 08:34:50 [Debug] Block 75(type: 2) put to connSendQueue.
[Tunnel-932556813]2024/11/21 08:34:50 [Debug] Copied data to tunnel successfully(n: 77).
[InboundConnection-1140325790]2024/11/21 08:34:50 [Debug] Send data block.
[ConnectionPool]2024/11/21 08:34:50 [Debug] Block 76(type: 2) put to connSendQueue.
[Tunnel-518958688]2024/11/21 08:34:50 [Debug] Copied data to tunnel successfully(n: 109).
[Tunnel-3413227532]2024/11/21 08:34:50 [Debug] Block received from tunnel(type: 2)successfully.
[ConnectionPool]2024/11/21 08:34:50 [Debug] Block 74(type: 2) put to connRecvQueue.
[BlockProcessor]2024/11/21 08:34:50 [Debug] Send Block 74 directly
[InboundConnection-1140325790]2024/11/21 08:34:50 [Debug] Read in a block.
[Tunnel-518958688]2024/11/21 08:34:51 [Debug] Block received from tunnel(type: 2)successfully.
[ConnectionPool]2024/11/21 08:34:51 [Debug] Block 76(type: 2) put to connRecvQueue.
[BlockProcessor]2024/11/21 08:34:51 [Debug] Put Block 76 to cache
[Tunnel-932556813]2024/11/21 08:34:51 [Debug] Block received from tunnel(type: 2)successfully.
[ConnectionPool]2024/11/21 08:34:51 [Debug] Block 75(type: 2) put to connRecvQueue.
[BlockProcessor]2024/11/21 08:34:51 [Debug] Send Block 75 directly
[BlockProcessor]2024/11/21 08:34:51 [Debug] Send Block 76 from cache
[InboundConnection-1140325790]2024/11/21 08:34:51 [Debug] Read in a block.
[InboundConnection-1140325790]2024/11/21 08:34:51 [Debug] Read in a block.
[InboundConnection-1140325790]2024/11/21 08:34:51 [Debug] Send data block.
[ConnectionPool]2024/11/21 08:34:51 [Debug] Block 77(type: 2) put to connSendQueue.
[Tunnel-3512584362]2024/11/21 08:34:51 [Debug] Copied data to tunnel successfully(n: 77).
[InboundConnection-1140325790]2024/11/21 08:34:52 [Debug] Send data block.
[ConnectionPool]2024/11/21 08:34:52 [Debug] Block 78(type: 2) put to connSendQueue.
[Tunnel-1010401980]2024/11/21 08:34:52 [Debug] Copied data to tunnel successfully(n: 109).
[Tunnel-3512584362]2024/11/21 08:34:52 [Debug] Block received from tunnel(type: 2)successfully.
[ConnectionPool]2024/11/21 08:34:52 [Debug] Block 77(type: 2) put to connRecvQueue.
[BlockProcessor]2024/11/21 08:34:52 [Debug] Send Block 77 directly
[InboundConnection-1140325790]2024/11/21 08:34:52 [Debug] Read in a block.
[InboundConnection-1140325790]2024/11/21 08:34:52 [Debug] Send data block.
[ConnectionPool]2024/11/21 08:34:52 [Debug] Block 79(type: 2) put to connSendQueue.
[Tunnel-1970733867]2024/11/21 08:34:52 [Debug] Copied data to tunnel successfully(n: 77).
[Tunnel-1970733867]2024/11/21 08:34:52 [Debug] Block received from tunnel(type: 2)successfully.
[ConnectionPool]2024/11/21 08:34:52 [Debug] Block 78(type: 2) put to connRecvQueue.
[BlockProcessor]2024/11/21 08:34:52 [Debug] Send Block 78 directly
[InboundConnection-1140325790]2024/11/21 08:34:52 [Debug] Read in a block.
[BlockProcessor]2024/11/21 08:34:59 [Debug] Packet wait time exceed of Connection 1140325790.
[BlockProcessor]2024/11/21 08:34:59 [Debug] recvBlockId == lastRecvBlockID(79), but Connection 1140325790 is not in waiting status, continue.
[BlockProcessor]2024/11/21 08:35:06 [Debug] Packet wait time exceed of Connection 1140325790.
[BlockProcessor]2024/11/21 08:35:06 [Debug] recvBlockId == lastRecvBlockID(79), but Connection 1140325790 is not in waiting status, continue.
[Tunnel-1010401980]2024/11/21 08:35:07 [Debug] Block received from tunnel(type: 2)successfully.
[ConnectionPool]2024/11/21 08:35:07 [Debug] Block 79(type: 2) put to connRecvQueue.
[BlockProcessor]2024/11/21 08:35:07 [Debug] Send Block 79 directly
[InboundConnection-1140325790]2024/11/21 08:35:07 [Debug] Read in a block.
[InboundConnection-1140325790]2024/11/21 08:35:07 [Debug] Send data block.
[ConnectionPool]2024/11/21 08:35:07 [Debug] Block 80(type: 2) put to connSendQueue.
[Tunnel-3203854257]2024/11/21 08:35:07 [Debug] Copied data to tunnel successfully(n: 141).
[Tunnel-3203854257]2024/11/21 08:35:07 [Debug] Block received from tunnel(type: 2)successfully.
[ConnectionPool]2024/11/21 08:35:07 [Debug] Block 80(type: 2) put to connRecvQueue.
[BlockProcessor]2024/11/21 08:35:07 [Debug] Send Block 80 directly
[InboundConnection-1140325790]2024/11/21 08:35:07 [Debug] Read in a block.
[InboundConnection-1140325790]2024/11/21 08:35:11 [Debug] Send data block.
[ConnectionPool]2024/11/21 08:35:11 [Debug] Block 81(type: 2) put to connSendQueue.
[Tunnel-265765879]2024/11/21 08:35:11 [Debug] Copied data to tunnel successfully(n: 109).
[Tunnel-265765879]2024/11/21 08:35:11 [Debug] Block received from tunnel(type: 2)successfully.
[ConnectionPool]2024/11/21 08:35:11 [Debug] Block 81(type: 2) put to connRecvQueue.
[BlockProcessor]2024/11/21 08:35:11 [Debug] Send Block 81 directly
[InboundConnection-1140325790]2024/11/21 08:35:11 [Debug] Read in a block.
[InboundConnection-1140325790]2024/11/21 08:35:11 [Debug] Send data block.
[ConnectionPool]2024/11/21 08:35:11 [Debug] Block 82(type: 2) put to connSendQueue.
[Tunnel-3771665272]2024/11/21 08:35:11 [Debug] Copied data to tunnel successfully(n: 93).
[Tunnel-3771665272]2024/11/21 08:35:11 [Debug] Block received from tunnel(type: 2)successfully.
[ConnectionPool]2024/11/21 08:35:11 [Debug] Block 82(type: 2) put to connRecvQueue.
[BlockProcessor]2024/11/21 08:35:11 [Debug] Send Block 82 directly
[InboundConnection-1140325790]2024/11/21 08:35:11 [Debug] Read in a block.
[InboundConnection-1140325790]2024/11/21 08:35:11 [Debug] Send data block.
[ConnectionPool]2024/11/21 08:35:11 [Debug] Block 83(type: 2) put to connSendQueue.
[Tunnel-1526461505]2024/11/21 08:35:11 [Debug] Copied data to tunnel successfully(n: 77).
[InboundConnection-1140325790]2024/11/21 08:35:11 [Debug] Send data block.
[ConnectionPool]2024/11/21 08:35:11 [Debug] Block 84(type: 2) put to connSendQueue.
[Tunnel-1678977367]2024/11/21 08:35:11 [Debug] Copied data to tunnel successfully(n: 109).
[Tunnel-955987353]2024/11/21 08:35:11 [Debug] Block received from tunnel(type: 2)successfully.
[ConnectionPool]2024/11/21 08:35:11 [Debug] Block 84(type: 2) put to connRecvQueue.
[BlockProcessor]2024/11/21 08:35:11 [Debug] Put Block 84 to cache
[Tunnel-1526461505]2024/11/21 08:35:11 [Debug] Block received from tunnel(type: 2)successfully.
[ConnectionPool]2024/11/21 08:35:11 [Debug] Block 83(type: 2) put to connRecvQueue.
[BlockProcessor]2024/11/21 08:35:11 [Debug] Send Block 83 directly
[BlockProcessor]2024/11/21 08:35:11 [Debug] Send Block 84 from cache
[InboundConnection-1140325790]2024/11/21 08:35:11 [Debug] Read in a block.
[InboundConnection-1140325790]2024/11/21 08:35:11 [Debug] Read in a block.
[InboundConnection-1140325790]2024/11/21 08:35:11 [Debug] Send data block.
[ConnectionPool]2024/11/21 08:35:11 [Debug] Block 85(type: 2) put to connSendQueue.
[Tunnel-3413227532]2024/11/21 08:35:11 [Debug] Copied data to tunnel successfully(n: 77).
[InboundConnection-1140325790]2024/11/21 08:35:11 [Debug] Send data block.
[ConnectionPool]2024/11/21 08:35:11 [Debug] Block 86(type: 2) put to connSendQueue.
[Tunnel-955987353]2024/11/21 08:35:11 [Debug] Copied data to tunnel successfully(n: 607).
[Tunnel-1678977367]2024/11/21 08:35:12 [Debug] Block received from tunnel(type: 2)successfully.
[ConnectionPool]2024/11/21 08:35:12 [Debug] Block 85(type: 2) put to connRecvQueue.
[BlockProcessor]2024/11/21 08:35:12 [Debug] Send Block 85 directly
[InboundConnection-1140325790]2024/11/21 08:35:12 [Debug] Read in a block.
[Tunnel-932556813]2024/11/21 08:35:12 [Debug] Block received from tunnel(type: 2)successfully.
[ConnectionPool]2024/11/21 08:35:12 [Debug] Block 87(type: 2) put to connRecvQueue.
[BlockProcessor]2024/11/21 08:35:12 [Debug] Put Block 87 to cache
[Tunnel-3413227532]2024/11/21 08:35:12 [Debug] Block received from tunnel(type: 2)successfully.
[ConnectionPool]2024/11/21 08:35:12 [Debug] Block 86(type: 2) put to connRecvQueue.
[BlockProcessor]2024/11/21 08:35:12 [Debug] Send Block 86 directly
[BlockProcessor]2024/11/21 08:35:12 [Debug] Send Block 87 from cache
[InboundConnection-1140325790]2024/11/21 08:35:12 [Debug] Read in a block.
[InboundConnection-1140325790]2024/11/21 08:35:12 [Debug] Read in a block.
[InboundConnection-1140325790]2024/11/21 08:35:12 [Debug] Send data block.
[ConnectionPool]2024/11/21 08:35:12 [Debug] Block 87(type: 2) put to connSendQueue.
[Tunnel-932556813]2024/11/21 08:35:12 [Debug] Copied data to tunnel successfully(n: 77).
[InboundConnection-1140325790]2024/11/21 08:35:12 [Debug] Send data block.
[ConnectionPool]2024/11/21 08:35:12 [Debug] Block 88(type: 2) put to connSendQueue.
[Tunnel-518958688]2024/11/21 08:35:12 [Debug] Copied data to tunnel successfully(n: 157).
[InboundConnection-1140325790]2024/11/21 08:35:12 [Debug] Send data block.
[ConnectionPool]2024/11/21 08:35:12 [Debug] Block 89(type: 2) put to connSendQueue.
[Tunnel-3512584362]2024/11/21 08:35:12 [Debug] Copied data to tunnel successfully(n: 175).
[InboundConnection-1140325790]2024/11/21 08:35:12 [Debug] Send data block.
[ConnectionPool]2024/11/21 08:35:12 [Debug] Block 90(type: 2) put to connSendQueue.
[Tunnel-1010401980]2024/11/21 08:35:12 [Debug] Copied data to tunnel successfully(n: 141).
[Tunnel-518958688]2024/11/21 08:35:12 [Debug] Block received from tunnel(type: 2)successfully.
[ConnectionPool]2024/11/21 08:35:12 [Debug] Block 88(type: 2) put to connRecvQueue.
[BlockProcessor]2024/11/21 08:35:12 [Debug] Send Block 88 directly
[InboundConnection-1140325790]2024/11/21 08:35:12 [Debug] Read in a block.
[Tunnel-1970733867]2024/11/21 08:35:12 [Debug] Block received from tunnel(type: 2)successfully.
[ConnectionPool]2024/11/21 08:35:12 [Debug] Block 90(type: 2) put to connRecvQueue.
[BlockProcessor]2024/11/21 08:35:12 [Debug] Put Block 90 to cache
[Tunnel-3512584362]2024/11/21 08:35:12 [Debug] Block received from tunnel(type: 2)successfully.
[ConnectionPool]2024/11/21 08:35:12 [Debug] Block 89(type: 2) put to connRecvQueue.
[BlockProcessor]2024/11/21 08:35:12 [Debug] Send Block 89 directly
[BlockProcessor]2024/11/21 08:35:12 [Debug] Send Block 90 from cache
[InboundConnection-1140325790]2024/11/21 08:35:12 [Debug] Read in a block.
[InboundConnection-1140325790]2024/11/21 08:35:12 [Debug] Read in a block.
[InboundConnection-1140325790]2024/11/21 08:35:12 [Debug] Send data block.
[ConnectionPool]2024/11/21 08:35:12 [Debug] Block 91(type: 2) put to connSendQueue.
[Tunnel-1970733867]2024/11/21 08:35:12 [Debug] Copied data to tunnel successfully(n: 77).
[InboundConnection-1140325790]2024/11/21 08:35:12 [Debug] Send data block.
[ConnectionPool]2024/11/21 08:35:12 [Debug] Block 92(type: 2) put to connSendQueue.
[Tunnel-3203854257]2024/11/21 08:35:12 [Debug] Copied data to tunnel successfully(n: 109).
[Tunnel-1010401980]2024/11/21 08:35:12 [Debug] Block received from tunnel(type: 2)successfully.
[ConnectionPool]2024/11/21 08:35:12 [Debug] Block 91(type: 2) put to connRecvQueue.
[BlockProcessor]2024/11/21 08:35:12 [Debug] Send Block 91 directly
[InboundConnection-1140325790]2024/11/21 08:35:12 [Debug] Read in a block.
[InboundConnection-1140325790]2024/11/21 08:35:12 [Debug] Send data block.
[ConnectionPool]2024/11/21 08:35:12 [Debug] Block 93(type: 2) put to connSendQueue.
[Tunnel-265765879]2024/11/21 08:35:12 [Debug] Copied data to tunnel successfully(n: 77).
[Tunnel-518958688]2024/11/21 08:35:12 [Debug] Block received from tunnel(type: 2)successfully.
[ConnectionPool]2024/11/21 08:35:12 [Debug] Block 100(type: 2) put to connRecvQueue.
[BlockProcessor]2024/11/21 08:35:12 [Debug] Put Block 100 to cache
[Tunnel-3413227532]2024/11/21 08:35:12 [Debug] Block received from tunnel(type: 2)successfully.
[ConnectionPool]2024/11/21 08:35:12 [Debug] Block 98(type: 2) put to connRecvQueue.
[BlockProcessor]2024/11/21 08:35:12 [Debug] Put Block 98 to cache
[Tunnel-1678977367]2024/11/21 08:35:12 [Debug] Block received from tunnel(type: 2)successfully.
[ConnectionPool]2024/11/21 08:35:12 [Debug] Block 97(type: 2) put to connRecvQueue.
[BlockProcessor]2024/11/21 08:35:12 [Debug] Put Block 97 to cache
[Tunnel-1010401980]2024/11/21 08:35:12 [Debug] Block received from tunnel(type: 2)successfully.
[ConnectionPool]2024/11/21 08:35:12 [Debug] Block 103(type: 2) put to connRecvQueue.
[BlockProcessor]2024/11/21 08:35:12 [Debug] Put Block 103 to cache
[Tunnel-1010401980]2024/11/21 08:35:12 [Debug] Block received from tunnel(type: 2)successfully.
[ConnectionPool]2024/11/21 08:35:12 [Debug] Block 116(type: 2) put to connRecvQueue.
[BlockProcessor]2024/11/21 08:35:12 [Debug] Put Block 116 to cache
[Tunnel-1010401980]2024/11/21 08:35:12 [Debug] Block received from tunnel(type: 2)successfully.
[ConnectionPool]2024/11/21 08:35:12 [Debug] Block 128(type: 2) put to connRecvQueue.
[BlockProcessor]2024/11/21 08:35:12 [Debug] Put Block 128 to cache
[Tunnel-518958688]2024/11/21 08:35:12 [Debug] Block received from tunnel(type: 2)successfully.
[ConnectionPool]2024/11/21 08:35:12 [Debug] Block 111(type: 2) put to connRecvQueue.
[BlockProcessor]2024/11/21 08:35:12 [Debug] Put Block 111 to cache
[Tunnel-1970733867]2024/11/21 08:35:12 [Debug] Block received from tunnel(type: 2)successfully.
[ConnectionPool]2024/11/21 08:35:12 [Debug] Block 102(type: 2) put to connRecvQueue.
[BlockProcessor]2024/11/21 08:35:12 [Debug] Put Block 102 to cache
[Tunnel-3413227532]2024/11/21 08:35:12 [Debug] Block received from tunnel(type: 2)successfully.
[ConnectionPool]2024/11/21 08:35:12 [Debug] Block 108(type: 2) put to connRecvQueue.
[BlockProcessor]2024/11/21 08:35:12 [Debug] Put Block 108 to cache
[Tunnel-955987353]2024/11/21 08:35:12 [Debug] Block received from tunnel(type: 2)successfully.
[ConnectionPool]2024/11/21 08:35:12 [Debug] Block 96(type: 2) put to connRecvQueue.
[BlockProcessor]2024/11/21 08:35:12 [Debug] Put Block 96 to cache
[Tunnel-932556813]2024/11/21 08:35:12 [Debug] Block received from tunnel(type: 2)successfully.
[ConnectionPool]2024/11/21 08:35:12 [Debug] Block 99(type: 2) put to connRecvQueue.
[BlockProcessor]2024/11/21 08:35:12 [Debug] Put Block 99 to cache
[Tunnel-265765879]2024/11/21 08:35:12 [Debug] Block received from tunnel(type: 2)successfully.
[ConnectionPool]2024/11/21 08:35:12 [Debug] Block 93(type: 2) put to connRecvQueue.
[BlockProcessor]2024/11/21 08:35:12 [Debug] Put Block 93 to cache
[Tunnel-3771665272]2024/11/21 08:35:12 [Debug] Block received from tunnel(type: 2)successfully.
[ConnectionPool]2024/11/21 08:35:12 [Debug] Block 94(type: 2) put to connRecvQueue.
[BlockProcessor]2024/11/21 08:35:12 [Debug] Put Block 94 to cache
[Tunnel-518958688]2024/11/21 08:35:12 [Debug] Block received from tunnel(type: 2)successfully.
[ConnectionPool]2024/11/21 08:35:12 [Debug] Block 123(type: 2) put to connRecvQueue.
[BlockProcessor]2024/11/21 08:35:12 [Debug] Put Block 123 to cache
[Tunnel-1678977367]2024/11/21 08:35:12 [Debug] Block received from tunnel(type: 2)successfully.
[ConnectionPool]2024/11/21 08:35:12 [Debug] Block 110(type: 2) put to connRecvQueue.
[BlockProcessor]2024/11/21 08:35:12 [Debug] Put Block 110 to cache
[Tunnel-3512584362]2024/11/21 08:35:12 [Debug] Block received from tunnel(type: 2)successfully.
[ConnectionPool]2024/11/21 08:35:12 [Debug] Block 101(type: 2) put to connRecvQueue.
[BlockProcessor]2024/11/21 08:35:12 [Debug] Put Block 101 to cache
[Tunnel-1678977367]2024/11/21 08:35:12 [Debug] Block received from tunnel(type: 2)successfully.
[Tunnel-1678977367]2024/11/21 08:35:12 [Debug] Block received from tunnel(type: 2)successfully.
[ConnectionPool]2024/11/21 08:35:12 [Debug] Block 121(type: 2) put to connRecvQueue.
[ConnectionPool]2024/11/21 08:35:12 [Debug] Block 133(type: 2) put to connRecvQueue.
[BlockProcessor]2024/11/21 08:35:12 [Debug] Put Block 121 to cache
[BlockProcessor]2024/11/21 08:35:12 [Debug] Put Block 133 to cache
[Tunnel-3512584362]2024/11/21 08:35:12 [Debug] Block received from tunnel(type: 2)successfully.
[Tunnel-3512584362]2024/11/21 08:35:12 [Debug] Block received from tunnel(type: 2)successfully.
[ConnectionPool]2024/11/21 08:35:12 [Debug] Block 113(type: 2) put to connRecvQueue.
[ConnectionPool]2024/11/21 08:35:12 [Debug] Block 126(type: 2) put to connRecvQueue.
[BlockProcessor]2024/11/21 08:35:12 [Debug] Put Block 113 to cache
[BlockProcessor]2024/11/21 08:35:12 [Debug] Put Block 126 to cache
[Tunnel-1970733867]2024/11/21 08:35:12 [Debug] Block received from tunnel(type: 2)successfully.
[ConnectionPool]2024/11/21 08:35:12 [Debug] Block 115(type: 2) put to connRecvQueue.
[BlockProcessor]2024/11/21 08:35:12 [Debug] Put Block 115 to cache
[Tunnel-1970733867]2024/11/21 08:35:12 [Debug] Block received from tunnel(type: 2)successfully.
[ConnectionPool]2024/11/21 08:35:12 [Debug] Block 127(type: 2) put to connRecvQueue.
[BlockProcessor]2024/11/21 08:35:12 [Debug] Put Block 127 to cache
[Tunnel-3413227532]2024/11/21 08:35:12 [Debug] Block received from tunnel(type: 2)successfully.
[ConnectionPool]2024/11/21 08:35:12 [Debug] Block 118(type: 2) put to connRecvQueue.
[BlockProcessor]2024/11/21 08:35:12 [Debug] Put Block 118 to cache
[Tunnel-3413227532]2024/11/21 08:35:12 [Debug] Block received from tunnel(type: 2)successfully.
[ConnectionPool]2024/11/21 08:35:12 [Debug] Block 131(type: 2) put to connRecvQueue.
[BlockProcessor]2024/11/21 08:35:12 [Debug] Put Block 131 to cache
[Tunnel-955987353]2024/11/21 08:35:12 [Debug] Block received from tunnel(type: 2)successfully.
[ConnectionPool]2024/11/21 08:35:12 [Debug] Block 109(type: 2) put to connRecvQueue.
[BlockProcessor]2024/11/21 08:35:12 [Debug] Put Block 109 to cache
[Tunnel-955987353]2024/11/21 08:35:12 [Debug] Block received from tunnel(type: 2)successfully.
[ConnectionPool]2024/11/21 08:35:12 [Debug] Block 122(type: 2) put to connRecvQueue.
[BlockProcessor]2024/11/21 08:35:12 [Debug] Put Block 122 to cache
[Tunnel-3771665272]2024/11/21 08:35:12 [Debug] Block received from tunnel(type: 2)successfully.
[Tunnel-3771665272]2024/11/21 08:35:12 [Debug] Block received from tunnel(type: 2)successfully.
[Tunnel-3771665272]2024/11/21 08:35:12 [Debug] Block received from tunnel(type: 2)successfully.
[ConnectionPool]2024/11/21 08:35:12 [Debug] Block 104(type: 2) put to connRecvQueue.
[ConnectionPool]2024/11/21 08:35:12 [Debug] Block 114(type: 2) put to connRecvQueue.
[ConnectionPool]2024/11/21 08:35:12 [Debug] Block 125(type: 2) put to connRecvQueue.
[BlockProcessor]2024/11/21 08:35:12 [Debug] Put Block 104 to cache
[BlockProcessor]2024/11/21 08:35:12 [Debug] Put Block 114 to cache
[BlockProcessor]2024/11/21 08:35:12 [Debug] Put Block 125 to cache
[Tunnel-932556813]2024/11/21 08:35:12 [Debug] Block received from tunnel(type: 2)successfully.
[ConnectionPool]2024/11/21 08:35:12 [Debug] Block 112(type: 2) put to connRecvQueue.
[BlockProcessor]2024/11/21 08:35:12 [Debug] Put Block 112 to cache
[Tunnel-932556813]2024/11/21 08:35:12 [Debug] Block received from tunnel(type: 2)successfully.
[ConnectionPool]2024/11/21 08:35:12 [Debug] Block 124(type: 2) put to connRecvQueue.
[BlockProcessor]2024/11/21 08:35:12 [Debug] Put Block 124 to cache
[Tunnel-265765879]2024/11/21 08:35:12 [Debug] Block received from tunnel(type: 2)successfully.
[ConnectionPool]2024/11/21 08:35:12 [Debug] Block 106(type: 2) put to connRecvQueue.
[BlockProcessor]2024/11/21 08:35:12 [Debug] Put Block 106 to cache
[Tunnel-3203854257]2024/11/21 08:35:12 [Debug] Block received from tunnel(type: 2)successfully.
[Tunnel-3203854257]2024/11/21 08:35:12 [Debug] Block received from tunnel(type: 2)successfully.
[ConnectionPool]2024/11/21 08:35:12 [Debug] Block 92(type: 2) put to connRecvQueue.
[ConnectionPool]2024/11/21 08:35:12 [Debug] Block 105(type: 2) put to connRecvQueue.
[BlockProcessor]2024/11/21 08:35:12 [Debug] Send Block 92 directly
[BlockProcessor]2024/11/21 08:35:12 [Debug] Send Block 93 from cache
[BlockProcessor]2024/11/21 08:35:12 [Debug] Send Block 94 from cache
[BlockProcessor]2024/11/21 08:35:12 [Debug] Put Block 105 to cache
[InboundConnection-1140325790]2024/11/21 08:35:12 [Debug] Read in a block.
[InboundConnection-1140325790]2024/11/21 08:35:12 [Debug] Read in a block.
[InboundConnection-1140325790]2024/11/21 08:35:12 [Debug] Read in a block.
[InboundConnection-1140325790]2024/11/21 08:35:12 [Debug] Send data block.
[ConnectionPool]2024/11/21 08:35:12 [Debug] Block 94(type: 2) put to connSendQueue.
[InboundConnection-1140325790]2024/11/21 08:35:12 [Debug] Send data block.
[ConnectionPool]2024/11/21 08:35:12 [Debug] Block 95(type: 2) put to connSendQueue.
[Tunnel-1526461505]2024/11/21 08:35:12 [Debug] Copied data to tunnel successfully(n: 77).
[Tunnel-3771665272]2024/11/21 08:35:12 [Debug] Copied data to tunnel successfully(n: 77).
[Tunnel-1526461505]2024/11/21 08:35:12 [Debug] Block received from tunnel(type: 2)successfully.
[Tunnel-1526461505]2024/11/21 08:35:12 [Debug] Block received from tunnel(type: 2)successfully.
[ConnectionPool]2024/11/21 08:35:12 [Debug] Block 95(type: 2) put to connRecvQueue.
[ConnectionPool]2024/11/21 08:35:12 [Debug] Block 107(type: 2) put to connRecvQueue.
[BlockProcessor]2024/11/21 08:35:12 [Debug] Send Block 95 directly
[BlockProcessor]2024/11/21 08:35:12 [Debug] Send Block 96 from cache
[BlockProcessor]2024/11/21 08:35:12 [Debug] Send Block 97 from cache
[BlockProcessor]2024/11/21 08:35:12 [Debug] Send Block 98 from cache
[BlockProcessor]2024/11/21 08:35:12 [Debug] Send Block 99 from cache
[BlockProcessor]2024/11/21 08:35:12 [Debug] Send Block 100 from cache
[BlockProcessor]2024/11/21 08:35:12 [Debug] Send Block 101 from cache
[BlockProcessor]2024/11/21 08:35:12 [Debug] Send Block 102 from cache
[BlockProcessor]2024/11/21 08:35:12 [Debug] Send Block 103 from cache
[BlockProcessor]2024/11/21 08:35:12 [Debug] Send Block 104 from cache
[BlockProcessor]2024/11/21 08:35:12 [Debug] Send Block 105 from cache
[BlockProcessor]2024/11/21 08:35:12 [Debug] Send Block 106 from cache
[BlockProcessor]2024/11/21 08:35:12 [Debug] Send Block 107 directly
[BlockProcessor]2024/11/21 08:35:12 [Debug] Send Block 108 from cache
[BlockProcessor]2024/11/21 08:35:12 [Debug] Send Block 109 from cache
[BlockProcessor]2024/11/21 08:35:12 [Debug] Send Block 110 from cache
[BlockProcessor]2024/11/21 08:35:12 [Debug] Send Block 111 from cache
[BlockProcessor]2024/11/21 08:35:12 [Debug] Send Block 112 from cache
[BlockProcessor]2024/11/21 08:35:12 [Debug] Send Block 113 from cache
[BlockProcessor]2024/11/21 08:35:12 [Debug] Send Block 114 from cache
[BlockProcessor]2024/11/21 08:35:12 [Debug] Send Block 115 from cache
[BlockProcessor]2024/11/21 08:35:12 [Debug] Send Block 116 from cache
[InboundConnection-1140325790]2024/11/21 08:35:12 [Debug] Read in a block.
[InboundConnection-1140325790]2024/11/21 08:35:12 [Debug] Read in a block.
[InboundConnection-1140325790]2024/11/21 08:35:12 [Debug] Read in a block.
[InboundConnection-1140325790]2024/11/21 08:35:12 [Debug] Read in a block.
[InboundConnection-1140325790]2024/11/21 08:35:12 [Debug] Read in a block.
[InboundConnection-1140325790]2024/11/21 08:35:12 [Debug] Read in a block.
[InboundConnection-1140325790]2024/11/21 08:35:12 [Debug] Read in a block.
[InboundConnection-1140325790]2024/11/21 08:35:12 [Debug] Read in a block.
[InboundConnection-1140325790]2024/11/21 08:35:12 [Debug] Read in a block.
[InboundConnection-1140325790]2024/11/21 08:35:12 [Debug] Read in a block.
[InboundConnection-1140325790]2024/11/21 08:35:12 [Debug] Read in a block.
[InboundConnection-1140325790]2024/11/21 08:35:12 [Debug] Read in a block.
[InboundConnection-1140325790]2024/11/21 08:35:12 [Debug] Read in a block.
[InboundConnection-1140325790]2024/11/21 08:35:12 [Debug] Read in a block.
[InboundConnection-1140325790]2024/11/21 08:35:12 [Debug] Read in a block.
[InboundConnection-1140325790]2024/11/21 08:35:12 [Debug] Read in a block.
[InboundConnection-1140325790]2024/11/21 08:35:12 [Debug] Read in a block.
[InboundConnection-1140325790]2024/11/21 08:35:12 [Debug] Read in a block.
[InboundConnection-1140325790]2024/11/21 08:35:12 [Debug] Read in a block.
[InboundConnection-1140325790]2024/11/21 08:35:12 [Debug] Read in a block.
[InboundConnection-1140325790]2024/11/21 08:35:12 [Debug] Read in a block.
[InboundConnection-1140325790]2024/11/21 08:35:12 [Debug] Read in a block.
[InboundConnection-1140325790]2024/11/21 08:35:12 [Debug] Send data block.
[ConnectionPool]2024/11/21 08:35:12 [Debug] Block 96(type: 2) put to connSendQueue.
[Tunnel-1678977367]2024/11/21 08:35:12 [Debug] Copied data to tunnel successfully(n: 77).
[InboundConnection-1140325790]2024/11/21 08:35:12 [Debug] Send data block.
[ConnectionPool]2024/11/21 08:35:12 [Debug] Block 97(type: 2) put to connSendQueue.
[Tunnel-3413227532]2024/11/21 08:35:12 [Debug] Copied data to tunnel successfully(n: 77).
[InboundConnection-1140325790]2024/11/21 08:35:12 [Debug] Send data block.
[ConnectionPool]2024/11/21 08:35:12 [Debug] Block 98(type: 2) put to connSendQueue.
[Tunnel-955987353]2024/11/21 08:35:12 [Debug] Copied data to tunnel successfully(n: 77).
[InboundConnection-1140325790]2024/11/21 08:35:12 [Debug] Send data block.
[ConnectionPool]2024/11/21 08:35:12 [Debug] Block 99(type: 2) put to connSendQueue.
[Tunnel-932556813]2024/11/21 08:35:12 [Debug] Copied data to tunnel successfully(n: 77).
[InboundConnection-1140325790]2024/11/21 08:35:12 [Debug] Send data block.
[ConnectionPool]2024/11/21 08:35:12 [Debug] Block 100(type: 2) put to connSendQueue.
[Tunnel-518958688]2024/11/21 08:35:12 [Debug] Copied data to tunnel successfully(n: 77).
[InboundConnection-1140325790]2024/11/21 08:35:12 [Debug] Send data block.
[ConnectionPool]2024/11/21 08:35:12 [Debug] Block 101(type: 2) put to connSendQueue.
[InboundConnection-1140325790]2024/11/21 08:35:12 [Debug] Send data block.
[ConnectionPool]2024/11/21 08:35:12 [Debug] Block 102(type: 2) put to connSendQueue.
[Tunnel-3512584362]2024/11/21 08:35:12 [Debug] Copied data to tunnel successfully(n: 77).
[Tunnel-1010401980]2024/11/21 08:35:12 [Debug] Copied data to tunnel successfully(n: 77).
[Tunnel-1526461505]2024/11/21 08:35:12 [Debug] Block received from tunnel(type: 2)successfully.
[ConnectionPool]2024/11/21 08:35:12 [Debug] Block 120(type: 2) put to connRecvQueue.
[BlockProcessor]2024/11/21 08:35:12 [Debug] Put Block 120 to cache
[InboundConnection-1140325790]2024/11/21 08:35:12 [Debug] Send data block.
[ConnectionPool]2024/11/21 08:35:12 [Debug] Block 103(type: 2) put to connSendQueue.
[Tunnel-1970733867]2024/11/21 08:35:12 [Debug] Copied data to tunnel successfully(n: 77).
[InboundConnection-1140325790]2024/11/21 08:35:12 [Debug] Send data block.
[ConnectionPool]2024/11/21 08:35:12 [Debug] Block 104(type: 2) put to connSendQueue.
[Tunnel-3203854257]2024/11/21 08:35:12 [Debug] Copied data to tunnel successfully(n: 77).
[InboundConnection-1140325790]2024/11/21 08:35:12 [Debug] Send data block.
[ConnectionPool]2024/11/21 08:35:12 [Debug] Block 105(type: 2) put to connSendQueue.
[Tunnel-265765879]2024/11/21 08:35:12 [Debug] Copied data to tunnel successfully(n: 141).
[InboundConnection-1140325790]2024/11/21 08:35:12 [Debug] Send data block.
[ConnectionPool]2024/11/21 08:35:12 [Debug] Block 106(type: 2) put to connSendQueue.
[Tunnel-1526461505]2024/11/21 08:35:12 [Debug] Copied data to tunnel successfully(n: 77).
[InboundConnection-1140325790]2024/11/21 08:35:12 [Debug] Send data block.
[ConnectionPool]2024/11/21 08:35:12 [Debug] Block 107(type: 2) put to connSendQueue.
[Tunnel-3771665272]2024/11/21 08:35:12 [Debug] Copied data to tunnel successfully(n: 77).
[Tunnel-265765879]2024/11/21 08:35:12 [Debug] Block received from tunnel(type: 2)successfully.
[ConnectionPool]2024/11/21 08:35:12 [Debug] Block 119(type: 2) put to connRecvQueue.
[BlockProcessor]2024/11/21 08:35:12 [Debug] Put Block 119 to cache
[Tunnel-265765879]2024/11/21 08:35:12 [Debug] Block received from tunnel(type: 2)successfully.
[ConnectionPool]2024/11/21 08:35:12 [Debug] Block 130(type: 2) put to connRecvQueue.
[BlockProcessor]2024/11/21 08:35:12 [Debug] Put Block 130 to cache
[Tunnel-3203854257]2024/11/21 08:35:12 [Debug] Block received from tunnel(type: 2)successfully.
[ConnectionPool]2024/11/21 08:35:12 [Debug] Block 117(type: 2) put to connRecvQueue.
[BlockProcessor]2024/11/21 08:35:12 [Debug] Send Block 117 directly
[BlockProcessor]2024/11/21 08:35:12 [Debug] Send Block 118 from cache
[BlockProcessor]2024/11/21 08:35:12 [Debug] Send Block 119 from cache
[InboundConnection-1140325790]2024/11/21 08:35:12 [Debug] Read in a block.
[InboundConnection-1140325790]2024/11/21 08:35:12 [Debug] Read in a block.
[BlockProcessor]2024/11/21 08:35:12 [Debug] Send Block 120 from cache
[BlockProcessor]2024/11/21 08:35:12 [Debug] Send Block 121 from cache
[BlockProcessor]2024/11/21 08:35:12 [Debug] Send Block 122 from cache
[BlockProcessor]2024/11/21 08:35:12 [Debug] Send Block 123 from cache
[BlockProcessor]2024/11/21 08:35:12 [Debug] Send Block 124 from cache
[BlockProcessor]2024/11/21 08:35:12 [Debug] Send Block 125 from cache
[BlockProcessor]2024/11/21 08:35:12 [Debug] Send Block 126 from cache
[BlockProcessor]2024/11/21 08:35:12 [Debug] Send Block 127 from cache
[BlockProcessor]2024/11/21 08:35:12 [Debug] Send Block 128 from cache
[InboundConnection-1140325790]2024/11/21 08:35:12 [Debug] Read in a block.
[InboundConnection-1140325790]2024/11/21 08:35:12 [Debug] Read in a block.
[InboundConnection-1140325790]2024/11/21 08:35:12 [Debug] Read in a block.
[InboundConnection-1140325790]2024/11/21 08:35:12 [Debug] Read in a block.
[InboundConnection-1140325790]2024/11/21 08:35:12 [Debug] Read in a block.
[InboundConnection-1140325790]2024/11/21 08:35:12 [Debug] Read in a block.
[InboundConnection-1140325790]2024/11/21 08:35:12 [Debug] Read in a block.
[InboundConnection-1140325790]2024/11/21 08:35:12 [Debug] Read in a block.
[InboundConnection-1140325790]2024/11/21 08:35:12 [Debug] Read in a block.
[InboundConnection-1140325790]2024/11/21 08:35:12 [Debug] Read in a block.
[InboundConnection-1140325790]2024/11/21 08:35:12 [Debug] Send data block.
[ConnectionPool]2024/11/21 08:35:12 [Debug] Block 108(type: 2) put to connSendQueue.
[Tunnel-1678977367]2024/11/21 08:35:12 [Debug] Copied data to tunnel successfully(n: 77).
[InboundConnection-1140325790]2024/11/21 08:35:12 [Debug] Send data block.
[Tunnel-3203854257]2024/11/21 08:35:12 [Debug] Block received from tunnel(type: 2)successfully.
[ConnectionPool]2024/11/21 08:35:12 [Debug] Block 129(type: 2) put to connRecvQueue.
[ConnectionPool]2024/11/21 08:35:12 [Debug] Block 109(type: 2) put to connSendQueue.
[BlockProcessor]2024/11/21 08:35:12 [Debug] Send Block 129 directly
[BlockProcessor]2024/11/21 08:35:12 [Debug] Send Block 130 from cache
[BlockProcessor]2024/11/21 08:35:12 [Debug] Send Block 131 from cache
[InboundConnection-1140325790]2024/11/21 08:35:12 [Debug] Read in a block.
[InboundConnection-1140325790]2024/11/21 08:35:12 [Debug] Read in a block.
[Tunnel-3413227532]2024/11/21 08:35:12 [Debug] Copied data to tunnel successfully(n: 333).
[InboundConnection-1140325790]2024/11/21 08:35:12 [Debug] Read in a block.
[InboundConnection-1140325790]2024/11/21 08:35:12 [Debug] Send data block.
[ConnectionPool]2024/11/21 08:35:12 [Debug] Block 110(type: 2) put to connSendQueue.
[Tunnel-955987353]2024/11/21 08:35:12 [Debug] Copied data to tunnel successfully(n: 77).
[InboundConnection-1140325790]2024/11/21 08:35:12 [Debug] Send data block.
[ConnectionPool]2024/11/21 08:35:12 [Debug] Block 111(type: 2) put to connSendQueue.
[Tunnel-932556813]2024/11/21 08:35:12 [Debug] Copied data to tunnel successfully(n: 77).
[Tunnel-1526461505]2024/11/21 08:35:12 [Debug] Block received from tunnel(type: 2)successfully.
[ConnectionPool]2024/11/21 08:35:12 [Debug] Block 132(type: 2) put to connRecvQueue.
[BlockProcessor]2024/11/21 08:35:12 [Debug] Send Block 132 directly
[BlockProcessor]2024/11/21 08:35:12 [Debug] Send Block 133 from cache
[InboundConnection-1140325790]2024/11/21 08:35:12 [Debug] Read in a block.
[InboundConnection-1140325790]2024/11/21 08:35:12 [Debug] Read in a block.
[InboundConnection-1140325790]2024/11/21 08:35:12 [Debug] Send data block.
[ConnectionPool]2024/11/21 08:35:12 [Debug] Block 112(type: 2) put to connSendQueue.
[Tunnel-518958688]2024/11/21 08:35:12 [Debug] Copied data to tunnel successfully(n: 77).
[InboundConnection-1140325790]2024/11/21 08:35:12 [Debug] Send data block.
[ConnectionPool]2024/11/21 08:35:12 [Debug] Block 113(type: 2) put to connSendQueue.
[Tunnel-3512584362]2024/11/21 08:35:12 [Debug] Copied data to tunnel successfully(n: 125).
[InboundConnection-1140325790]2024/11/21 08:35:12 [Debug] Send data block.
[ConnectionPool]2024/11/21 08:35:12 [Debug] Block 114(type: 2) put to connSendQueue.
[Tunnel-1010401980]2024/11/21 08:35:12 [Debug] Copied data to tunnel successfully(n: 109).
[InboundConnection-1140325790]2024/11/21 08:35:12 [Debug] Send data block.
[ConnectionPool]2024/11/21 08:35:12 [Debug] Block 115(type: 2) put to connSendQueue.
[Tunnel-1970733867]2024/11/21 08:35:12 [Debug] Copied data to tunnel successfully(n: 77).
[Tunnel-518958688]2024/11/21 08:35:13 [Debug] Block received from tunnel(type: 2)successfully.
[ConnectionPool]2024/11/21 08:35:13 [Debug] Block 134(type: 2) put to connRecvQueue.
[BlockProcessor]2024/11/21 08:35:13 [Debug] Send Block 134 directly
[InboundConnection-1140325790]2024/11/21 08:35:13 [Debug] Read in a block.
[InboundConnection-1140325790]2024/11/21 08:35:19 [Debug] Send data block.
[ConnectionPool]2024/11/21 08:35:19 [Debug] Block 116(type: 2) put to connSendQueue.
[Tunnel-3203854257]2024/11/21 08:35:19 [Debug] Copied data to tunnel successfully(n: 109).
[Tunnel-955987353]2024/11/21 08:35:19 [Debug] Block received from tunnel(type: 2)successfully.
[ConnectionPool]2024/11/21 08:35:19 [Debug] Block 135(type: 2) put to connRecvQueue.
[BlockProcessor]2024/11/21 08:35:19 [Debug] Send Block 135 directly
[InboundConnection-1140325790]2024/11/21 08:35:19 [Debug] Read in a block.
[InboundConnection-1140325790]2024/11/21 08:35:19 [Debug] Send data block.
[ConnectionPool]2024/11/21 08:35:19 [Debug] Block 117(type: 2) put to connSendQueue.
[Tunnel-265765879]2024/11/21 08:35:19 [Debug] Copied data to tunnel successfully(n: 77).
[Tunnel-3512584362]2024/11/21 08:35:19 [Debug] Block received from tunnel(type: 2)successfully.
[ConnectionPool]2024/11/21 08:35:19 [Debug] Block 136(type: 2) put to connRecvQueue.
[BlockProcessor]2024/11/21 08:35:19 [Debug] Send Block 136 directly
[InboundConnection-1140325790]2024/11/21 08:35:19 [Debug] Read in a block.
[BlockProcessor]2024/11/21 08:35:26 [Debug] Packet wait time exceed of Connection 1140325790.
[BlockProcessor]2024/11/21 08:35:26 [Debug] recvBlockId == lastRecvBlockID(137), but Connection 1140325790 is not in waiting status, continue.
[Tunnel-932556813]2024/11/21 08:35:32 [Debug] Block received from tunnel(type: 2)successfully.
[ConnectionPool]2024/11/21 08:35:32 [Debug] Block 137(type: 2) put to connRecvQueue.
[BlockProcessor]2024/11/21 08:35:32 [Debug] Send Block 137 directly
[InboundConnection-1140325790]2024/11/21 08:35:32 [Debug] Read in a block.
[InboundConnection-1140325790]2024/11/21 08:35:32 [Debug] Send data block.
[ConnectionPool]2024/11/21 08:35:32 [Debug] Block 118(type: 2) put to connSendQueue.
[Tunnel-1526461505]2024/11/21 08:35:32 [Debug] Copied data to tunnel successfully(n: 77).
[InboundConnection-1140325790]2024/11/21 08:35:32 [Debug] Send data block.
[ConnectionPool]2024/11/21 08:35:32 [Debug] Block 119(type: 2) put to connSendQueue.
[Tunnel-3771665272]2024/11/21 08:35:32 [Debug] Copied data to tunnel successfully(n: 77).
[Tunnel-3771665272]2024/11/21 08:35:32 [Debug] Block received from tunnel(type: 2)successfully.
[ConnectionPool]2024/11/21 08:35:32 [Debug] Block 138(type: 2) put to connRecvQueue.
[BlockProcessor]2024/11/21 08:35:32 [Debug] Send Block 138 directly
[InboundConnection-1140325790]2024/11/21 08:35:32 [Debug] Read in a block.
[BlockProcessor]2024/11/21 08:35:39 [Debug] Packet wait time exceed of Connection 1140325790.
[BlockProcessor]2024/11/21 08:35:39 [Debug] recvBlockId == lastRecvBlockID(139), but Connection 1140325790 is not in waiting status, continue.
[BlockProcessor]2024/11/21 08:35:46 [Debug] Packet wait time exceed of Connection 1140325790.
[BlockProcessor]2024/11/21 08:35:46 [Debug] recvBlockId == lastRecvBlockID(139), but Connection 1140325790 is not in waiting status, continue.
[InboundConnection-1140325790]2024/11/21 08:35:53 [Debug] Send data block.
[ConnectionPool]2024/11/21 08:35:53 [Debug] Block 120(type: 2) put to connSendQueue.
[Tunnel-1678977367]2024/11/21 08:35:53 [Debug] Copied data to tunnel successfully(n: 109).
[Tunnel-1970733867]2024/11/21 08:35:53 [Debug] Block received from tunnel(type: 2)successfully.
[ConnectionPool]2024/11/21 08:35:53 [Debug] Block 139(type: 2) put to connRecvQueue.
[BlockProcessor]2024/11/21 08:35:53 [Debug] Send Block 139 directly
[InboundConnection-1140325790]2024/11/21 08:35:53 [Debug] Read in a block.
[InboundConnection-1140325790]2024/11/21 08:35:53 [Debug] Send data block.
[ConnectionPool]2024/11/21 08:35:53 [Debug] Block 121(type: 2) put to connSendQueue.
[Tunnel-3413227532]2024/11/21 08:35:53 [Debug] Copied data to tunnel successfully(n: 77).
[Tunnel-1010401980]2024/11/21 08:35:53 [Debug] Block received from tunnel(type: 2)successfully.
[ConnectionPool]2024/11/21 08:35:53 [Debug] Block 140(type: 2) put to connRecvQueue.
[BlockProcessor]2024/11/21 08:35:53 [Debug] Send Block 140 directly
[InboundConnection-1140325790]2024/11/21 08:35:53 [Debug] Read in a block.
[Tunnel-3203854257]2024/11/21 08:35:57 [Debug] Block received from tunnel(type: 2)successfully.
[ConnectionPool]2024/11/21 08:35:57 [Debug] Block 141(type: 2) put to connRecvQueue.
[BlockProcessor]2024/11/21 08:35:57 [Debug] Send Block 141 directly
[InboundConnection-1140325790]2024/11/21 08:35:57 [Debug] Read in a block.
[InboundConnection-1140325790]2024/11/21 08:35:57 [Debug] Send data block.
[ConnectionPool]2024/11/21 08:35:57 [Debug] Block 122(type: 2) put to connSendQueue.
[Tunnel-955987353]2024/11/21 08:35:57 [Debug] Copied data to tunnel successfully(n: 77).
[InboundConnection-1140325790]2024/11/21 08:35:57 [Debug] Send data block.
[ConnectionPool]2024/11/21 08:35:57 [Debug] Block 123(type: 2) put to connSendQueue.
[Tunnel-932556813]2024/11/21 08:35:57 [Debug] Copied data to tunnel successfully(n: 77).
[Tunnel-265765879]2024/11/21 08:35:57 [Debug] Block received from tunnel(type: 2)successfully.
[ConnectionPool]2024/11/21 08:35:57 [Debug] Block 142(type: 2) put to connRecvQueue.
[BlockProcessor]2024/11/21 08:35:57 [Debug] Send Block 142 directly
[InboundConnection-1140325790]2024/11/21 08:35:57 [Debug] Read in a block.
[BlockProcessor]2024/11/21 08:36:04 [Debug] Packet wait time exceed of Connection 1140325790.
[BlockProcessor]2024/11/21 08:36:04 [Debug] recvBlockId == lastRecvBlockID(143), but Connection 1140325790 is not in waiting status, continue.
[BlockProcessor]2024/11/21 08:36:11 [Debug] Packet wait time exceed of Connection 1140325790.
[BlockProcessor]2024/11/21 08:36:11 [Debug] recvBlockId == lastRecvBlockID(143), but Connection 1140325790 is not in waiting status, continue.
[InboundConnection-1140325790]2024/11/21 08:36:17 [Debug] Send data block.
[ConnectionPool]2024/11/21 08:36:17 [Debug] Block 124(type: 2) put to connSendQueue.
[Tunnel-518958688]2024/11/21 08:36:17 [Debug] Copied data to tunnel successfully(n: 109).
[Tunnel-3413227532]2024/11/21 08:36:17 [Debug] Block received from tunnel(type: 2)successfully.
[ConnectionPool]2024/11/21 08:36:17 [Debug] Block 143(type: 2) put to connRecvQueue.
[BlockProcessor]2024/11/21 08:36:17 [Debug] Send Block 143 directly
[InboundConnection-1140325790]2024/11/21 08:36:17 [Debug] Read in a block.
[InboundConnection-1140325790]2024/11/21 08:36:17 [Debug] Send data block.
[ConnectionPool]2024/11/21 08:36:17 [Debug] Block 125(type: 2) put to connSendQueue.
[Tunnel-3512584362]2024/11/21 08:36:17 [Debug] Copied data to tunnel successfully(n: 77).
[Tunnel-1526461505]2024/11/21 08:36:18 [Debug] Block received from tunnel(type: 2)successfully.
[ConnectionPool]2024/11/21 08:36:18 [Debug] Block 144(type: 2) put to connRecvQueue.
[BlockProcessor]2024/11/21 08:36:18 [Debug] Send Block 144 directly
[InboundConnection-1140325790]2024/11/21 08:36:18 [Debug] Read in a block.
[Tunnel-1678977367]2024/11/21 08:36:22 [Debug] Block received from tunnel(type: 2)successfully.
[ConnectionPool]2024/11/21 08:36:22 [Debug] Block 145(type: 2) put to connRecvQueue.
[BlockProcessor]2024/11/21 08:36:22 [Debug] Send Block 145 directly
[InboundConnection-1140325790]2024/11/21 08:36:22 [Debug] Read in a block.
[InboundConnection-1140325790]2024/11/21 08:36:22 [Debug] Send data block.
[ConnectionPool]2024/11/21 08:36:22 [Debug] Block 126(type: 2) put to connSendQueue.
[Tunnel-1010401980]2024/11/21 08:36:22 [Debug] Copied data to tunnel successfully(n: 77).
[InboundConnection-1140325790]2024/11/21 08:36:22 [Debug] Send data block.
[ConnectionPool]2024/11/21 08:36:22 [Debug] Block 127(type: 2) put to connSendQueue.
[Tunnel-1970733867]2024/11/21 08:36:22 [Debug] Copied data to tunnel successfully(n: 77).
[Tunnel-518958688]2024/11/21 08:36:22 [Debug] Block received from tunnel(type: 2)successfully.
[ConnectionPool]2024/11/21 08:36:22 [Debug] Block 146(type: 2) put to connRecvQueue.
[BlockProcessor]2024/11/21 08:36:22 [Debug] Send Block 146 directly
[InboundConnection-1140325790]2024/11/21 08:36:22 [Debug] Read in a block.
[InboundConnection-1140325790]2024/11/21 08:36:26 [Debug] Send data block.
[ConnectionPool]2024/11/21 08:36:26 [Debug] Block 128(type: 2) put to connSendQueue.
[Tunnel-3203854257]2024/11/21 08:36:26 [Debug] Copied data to tunnel successfully(n: 109).
[Tunnel-955987353]2024/11/21 08:36:26 [Debug] Block received from tunnel(type: 2)successfully.
[ConnectionPool]2024/11/21 08:36:26 [Debug] Block 147(type: 2) put to connRecvQueue.
[BlockProcessor]2024/11/21 08:36:26 [Debug] Send Block 147 directly
[InboundConnection-1140325790]2024/11/21 08:36:26 [Debug] Read in a block.
[InboundConnection-1140325790]2024/11/21 08:36:26 [Debug] Send data block.
[ConnectionPool]2024/11/21 08:36:26 [Debug] Block 129(type: 2) put to connSendQueue.
[Tunnel-265765879]2024/11/21 08:36:26 [Debug] Copied data to tunnel successfully(n: 93).
[Tunnel-932556813]2024/11/21 08:36:27 [Debug] Block received from tunnel(type: 2)successfully.
[ConnectionPool]2024/11/21 08:36:27 [Debug] Block 149(type: 2) put to connRecvQueue.
[BlockProcessor]2024/11/21 08:36:27 [Debug] Put Block 149 to cache
[Tunnel-3512584362]2024/11/21 08:36:27 [Debug] Block received from tunnel(type: 2)successfully.
[ConnectionPool]2024/11/21 08:36:27 [Debug] Block 148(type: 2) put to connRecvQueue.
[BlockProcessor]2024/11/21 08:36:27 [Debug] Send Block 148 directly
[BlockProcessor]2024/11/21 08:36:27 [Debug] Send Block 149 from cache
[InboundConnection-1140325790]2024/11/21 08:36:27 [Debug] Read in a block.
[InboundConnection-1140325790]2024/11/21 08:36:27 [Debug] Read in a block.
[InboundConnection-1140325790]2024/11/21 08:36:27 [Debug] Send data block.
[ConnectionPool]2024/11/21 08:36:27 [Debug] Block 130(type: 2) put to connSendQueue.
[Tunnel-1526461505]2024/11/21 08:36:27 [Debug] Copied data to tunnel successfully(n: 77).
[InboundConnection-1140325790]2024/11/21 08:36:27 [Debug] Send data block.
[ConnectionPool]2024/11/21 08:36:27 [Debug] Block 131(type: 2) put to connSendQueue.
[Tunnel-3771665272]2024/11/21 08:36:27 [Debug] Copied data to tunnel successfully(n: 93).
[Tunnel-1970733867]2024/11/21 08:36:27 [Debug] Block received from tunnel(type: 2)successfully.
[ConnectionPool]2024/11/21 08:36:27 [Debug] Block 151(type: 2) put to connRecvQueue.
[BlockProcessor]2024/11/21 08:36:27 [Debug] Put Block 151 to cache
[Tunnel-3771665272]2024/11/21 08:36:27 [Debug] Block received from tunnel(type: 2)successfully.
[ConnectionPool]2024/11/21 08:36:27 [Debug] Block 150(type: 2) put to connRecvQueue.
[BlockProcessor]2024/11/21 08:36:27 [Debug] Send Block 150 directly
[BlockProcessor]2024/11/21 08:36:27 [Debug] Send Block 151 from cache
[InboundConnection-1140325790]2024/11/21 08:36:27 [Debug] Read in a block.
[InboundConnection-1140325790]2024/11/21 08:36:27 [Debug] Read in a block.
[InboundConnection-1140325790]2024/11/21 08:36:27 [Debug] Send data block.
[ConnectionPool]2024/11/21 08:36:27 [Debug] Block 132(type: 2) put to connSendQueue.
[Tunnel-1678977367]2024/11/21 08:36:27 [Debug] Copied data to tunnel successfully(n: 77).
[InboundConnection-1140325790]2024/11/21 08:36:27 [Debug] Send data block.
[ConnectionPool]2024/11/21 08:36:27 [Debug] Block 133(type: 2) put to connSendQueue.
[Tunnel-3413227532]2024/11/21 08:36:27 [Debug] Copied data to tunnel successfully(n: 2335).
[BlockProcessor]2024/11/21 08:36:34 [Debug] Packet wait time exceed of Connection 1140325790.
[BlockProcessor]2024/11/21 08:36:34 [Debug] recvBlockId == lastRecvBlockID(152), but Connection 1140325790 is not in waiting status, continue.
[BlockProcessor]2024/11/21 08:36:41 [Debug] Packet wait time exceed of Connection 1140325790.
[BlockProcessor]2024/11/21 08:36:41 [Debug] recvBlockId == lastRecvBlockID(152), but Connection 1140325790 is not in waiting status, continue.
[Tunnel-1010401980]2024/11/21 08:36:47 [Debug] Block received from tunnel(type: 2)successfully.
[ConnectionPool]2024/11/21 08:36:47 [Debug] Block 152(type: 2) put to connRecvQueue.
[BlockProcessor]2024/11/21 08:36:47 [Debug] Send Block 152 directly
[InboundConnection-1140325790]2024/11/21 08:36:47 [Debug] Read in a block.
[InboundConnection-1140325790]2024/11/21 08:36:47 [Debug] Send data block.
[ConnectionPool]2024/11/21 08:36:47 [Debug] Block 134(type: 2) put to connSendQueue.
[Tunnel-955987353]2024/11/21 08:36:47 [Debug] Copied data to tunnel successfully(n: 77).
[InboundConnection-1140325790]2024/11/21 08:36:47 [Debug] Send data block.
[ConnectionPool]2024/11/21 08:36:47 [Debug] Block 135(type: 2) put to connSendQueue.
[Tunnel-932556813]2024/11/21 08:36:47 [Debug] Copied data to tunnel successfully(n: 77).
[InboundConnection-1140325790]2024/11/21 08:36:50 [Debug] Send data block.
[ConnectionPool]2024/11/21 08:36:50 [Debug] Block 136(type: 2) put to connSendQueue.
[Tunnel-518958688]2024/11/21 08:36:50 [Debug] Copied data to tunnel successfully(n: 109).
[BlockProcessor]2024/11/21 08:36:54 [Debug] Packet wait time exceed of Connection 1140325790.
[BlockProcessor]2024/11/21 08:36:54 [Debug] recvBlockId == lastRecvBlockID(153), but Connection 1140325790 is not in waiting status, continue.
[InboundConnection-1140325790]2024/11/21 08:36:57 [Debug] Send data block.
[ConnectionPool]2024/11/21 08:36:57 [Debug] Block 137(type: 2) put to connSendQueue.
[Tunnel-3512584362]2024/11/21 08:36:57 [Debug] Copied data to tunnel successfully(n: 77).
[BlockProcessor]2024/11/21 08:37:01 [Debug] Packet wait time exceed of Connection 1140325790.
[BlockProcessor]2024/11/21 08:37:01 [Debug] recvBlockId == lastRecvBlockID(153), but Connection 1140325790 is not in waiting status, continue.
[Tunnel-3203854257]2024/11/21 08:37:04 [Debug] Block received from tunnel(type: 1)successfully.
[ConnectionPool]2024/11/21 08:37:04 [Debug] Block 153(type: 1) put to connRecvQueue.
[BlockProcessor]2024/11/21 08:37:04 [Debug] Send Block 153 directly
[InboundConnection-1140325790]2024/11/21 08:37:04 [Debug] Read in a block.
[InboundConnection-1140325790]2024/11/21 08:37:04 [Debug] Send disconnect block: 3
[ConnectionPool]2024/11/21 08:37:04 [Debug] Block 138(type: 1) put to connSendQueue.
[Tunnel-1010401980]2024/11/21 08:37:04 [Debug] Copied data to tunnel successfully(n: 14).
[InboundConnection-1140325790]2024/11/21 08:37:04 [Debug] connection stop
[Client]2024/11/21 08:37:04 [Error] Error when relay client: writeto tcp 127.0.0.1:19443->127.0.0.1:35530: invalid argument.
[InboundConnection-1140325790]2024/11/21 08:37:04 [Debug] connection stop
[BlockProcessor]2024/11/21 08:37:04 [Info] Ordered Relay of Connection 1140325790 stopped.
[ConnectionPool]2024/11/21 08:37:04 [Info] Connection 1140325790 removed from connection pool.
[Client]2024/11/21 08:37:04 [Info] Accepted a connection.
[InboundConnection-4278845712]2024/11/21 08:37:04 [Info] InboundConnection 4278845712 created.
[ConnectionPool]2024/11/21 08:37:04 [Info] Connection 4278845712 added to connection pool.
[InboundConnection-4278845712]2024/11/21 08:37:04 [Debug] Send connect to 127.0.0.1:443 block.
[BlockProcessor]2024/11/21 08:37:04 [Info] Ordered Relay of Connection 4278845712 started.
[ConnectionPool]2024/11/21 08:37:04 [Debug] Block 0(type: 0) put to connSendQueue.
[InboundConnection-4278845712]2024/11/21 08:37:04 [Debug] Send data block.
[ConnectionPool]2024/11/21 08:37:04 [Debug] Block 1(type: 2) put to connSendQueue.
[Tunnel-3203854257]2024/11/21 08:37:04 [Debug] Copied data to tunnel successfully(n: 279).
[Tunnel-1970733867]2024/11/21 08:37:04 [Debug] Copied data to tunnel successfully(n: 26).
[Tunnel-265765879]2024/11/21 08:37:04 [Debug] Block received from tunnel(type: 2)successfully.
[ConnectionPool]2024/11/21 08:37:04 [Debug] Block 0(type: 2) put to connRecvQueue.
[BlockProcessor]2024/11/21 08:37:04 [Debug] Send Block 0 directly
[InboundConnection-4278845712]2024/11/21 08:37:04 [Debug] Read in a block.
[InboundConnection-4278845712]2024/11/21 08:37:04 [Debug] Send data block.
[ConnectionPool]2024/11/21 08:37:04 [Debug] Block 2(type: 2) put to connSendQueue.
[Tunnel-265765879]2024/11/21 08:37:04 [Debug] Copied data to tunnel successfully(n: 77).
[InboundConnection-4278845712]2024/11/21 08:37:04 [Debug] Send data block.
[ConnectionPool]2024/11/21 08:37:04 [Debug] Block 3(type: 2) put to connSendQueue.
[Tunnel-1526461505]2024/11/21 08:37:04 [Debug] Copied data to tunnel successfully(n: 266).
[Tunnel-3413227532]2024/11/21 08:37:04 [Debug] Block received from tunnel(type: 2)successfully.
[ConnectionPool]2024/11/21 08:37:04 [Debug] Block 1(type: 2) put to connRecvQueue.
[BlockProcessor]2024/11/21 08:37:04 [Debug] Send Block 1 directly
[InboundConnection-4278845712]2024/11/21 08:37:04 [Debug] Read in a block.
[InboundConnection-4278845712]2024/11/21 08:37:04 [Debug] Send data block.
[ConnectionPool]2024/11/21 08:37:04 [Debug] Block 4(type: 2) put to connSendQueue.
[Tunnel-3771665272]2024/11/21 08:37:04 [Debug] Copied data to tunnel successfully(n: 63).
[Tunnel-1526461505]2024/11/21 08:37:04 [Debug] Block received from tunnel(type: 2)successfully.
[ConnectionPool]2024/11/21 08:37:04 [Debug] Block 2(type: 2) put to connRecvQueue.
[BlockProcessor]2024/11/21 08:37:04 [Debug] Send Block 2 directly
[InboundConnection-4278845712]2024/11/21 08:37:04 [Debug] Read in a block.
[InboundConnection-4278845712]2024/11/21 08:37:04 [Debug] Send data block.
[ConnectionPool]2024/11/21 08:37:04 [Debug] Block 5(type: 2) put to connSendQueue.
[Tunnel-1678977367]2024/11/21 08:37:04 [Debug] Copied data to tunnel successfully(n: 1131).
[Tunnel-1678977367]2024/11/21 08:37:04 [Debug] Block received from tunnel(type: 2)successfully.
[ConnectionPool]2024/11/21 08:37:04 [Debug] Block 3(type: 2) put to connRecvQueue.
[BlockProcessor]2024/11/21 08:37:04 [Debug] Send Block 3 directly
[InboundConnection-4278845712]2024/11/21 08:37:04 [Debug] Read in a block.
[InboundConnection-4278845712]2024/11/21 08:37:04 [Debug] Send data block.
[ConnectionPool]2024/11/21 08:37:04 [Debug] Block 6(type: 2) put to connSendQueue.
[Tunnel-3413227532]2024/11/21 08:37:04 [Debug] Copied data to tunnel successfully(n: 89).
[BlockProcessor]2024/11/21 08:37:11 [Debug] Packet wait time exceed of Connection 4278845712.
[BlockProcessor]2024/11/21 08:37:11 [Debug] recvBlockId == lastRecvBlockID(4), but Connection 4278845712 is not in waiting status, continue.
[BlockProcessor]2024/11/21 08:37:18 [Debug] Packet wait time exceed of Connection 4278845712.
[BlockProcessor]2024/11/21 08:37:18 [Debug] recvBlockId == lastRecvBlockID(4), but Connection 4278845712 is not in waiting status, continue.
[BlockProcessor]2024/11/21 08:37:25 [Debug] Packet wait time exceed of Connection 4278845712.
[BlockProcessor]2024/11/21 08:37:25 [Debug] recvBlockId == lastRecvBlockID(4), but Connection 4278845712 is not in waiting status, continue.
[BlockProcessor]2024/11/21 08:37:32 [Debug] Packet wait time exceed of Connection 4278845712.
[BlockProcessor]2024/11/21 08:37:32 [Debug] recvBlockId == lastRecvBlockID(4), but Connection 4278845712 is not in waiting status, continue.
[BlockProcessor]2024/11/21 08:37:39 [Debug] Packet wait time exceed of Connection 4278845712.
[BlockProcessor]2024/11/21 08:37:39 [Debug] recvBlockId == lastRecvBlockID(4), but Connection 4278845712 is not in waiting status, continue.
[BlockProcessor]2024/11/21 08:37:46 [Debug] Packet wait time exceed of Connection 4278845712.
[BlockProcessor]2024/11/21 08:37:46 [Debug] recvBlockId == lastRecvBlockID(4), but Connection 4278845712 is not in waiting status, continue.
[BlockProcessor]2024/11/21 08:37:53 [Debug] Packet wait time exceed of Connection 4278845712.
[BlockProcessor]2024/11/21 08:37:53 [Debug] recvBlockId == lastRecvBlockID(4), but Connection 4278845712 is not in waiting status, continue.
[BlockProcessor]2024/11/21 08:38:00 [Debug] Packet wait time exceed of Connection 4278845712.
[BlockProcessor]2024/11/21 08:38:00 [Debug] recvBlockId == lastRecvBlockID(4), but Connection 4278845712 is not in waiting status, continue.
[BlockProcessor]2024/11/21 08:38:07 [Debug] Packet wait time exceed of Connection 4278845712.
[BlockProcessor]2024/11/21 08:38:07 [Debug] recvBlockId == lastRecvBlockID(4), but Connection 4278845712 is not in waiting status, continue.
[BlockProcessor]2024/11/21 08:38:14 [Debug] Packet wait time exceed of Connection 4278845712.
[BlockProcessor]2024/11/21 08:38:14 [Debug] recvBlockId == lastRecvBlockID(4), but Connection 4278845712 is not in waiting status, continue.
[BlockProcessor]2024/11/21 08:38:21 [Debug] Packet wait time exceed of Connection 4278845712.
[BlockProcessor]2024/11/21 08:38:21 [Debug] recvBlockId == lastRecvBlockID(4), but Connection 4278845712 is not in waiting status, continue.
[BlockProcessor]2024/11/21 08:38:28 [Debug] Packet wait time exceed of Connection 4278845712.
[BlockProcessor]2024/11/21 08:38:28 [Debug] recvBlockId == lastRecvBlockID(4), but Connection 4278845712 is not in waiting status, continue.
[BlockProcessor]2024/11/21 08:38:35 [Debug] Packet wait time exceed of Connection 4278845712.
[BlockProcessor]2024/11/21 08:38:35 [Debug] recvBlockId == lastRecvBlockID(4), but Connection 4278845712 is not in waiting status, continue.
[BlockProcessor]2024/11/21 08:38:43 [Debug] Packet wait time exceed of Connection 4278845712.
[BlockProcessor]2024/11/21 08:38:43 [Debug] recvBlockId == lastRecvBlockID(4), but Connection 4278845712 is not in waiting status, continue.
[BlockProcessor]2024/11/21 08:38:50 [Debug] Packet wait time exceed of Connection 4278845712.
[BlockProcessor]2024/11/21 08:38:50 [Debug] recvBlockId == lastRecvBlockID(4), but Connection 4278845712 is not in waiting status, continue.
[BlockProcessor]2024/11/21 08:38:57 [Debug] Packet wait time exceed of Connection 4278845712.
[BlockProcessor]2024/11/21 08:38:57 [Debug] recvBlockId == lastRecvBlockID(4), but Connection 4278845712 is not in waiting status, continue.
[BlockProcessor]2024/11/21 08:39:04 [Debug] Packet wait time exceed of Connection 4278845712.
[BlockProcessor]2024/11/21 08:39:04 [Debug] recvBlockId == lastRecvBlockID(4), but Connection 4278845712 is not in waiting status, continue.
[BlockProcessor]2024/11/21 08:39:11 [Debug] Packet wait time exceed of Connection 4278845712.
[BlockProcessor]2024/11/21 08:39:11 [Debug] recvBlockId == lastRecvBlockID(4), but Connection 4278845712 is not in waiting status, continue.
[BlockProcessor]2024/11/21 08:39:18 [Debug] Packet wait time exceed of Connection 4278845712.
[BlockProcessor]2024/11/21 08:39:18 [Debug] recvBlockId == lastRecvBlockID(4), but Connection 4278845712 is not in waiting status, continue.
[BlockProcessor]2024/11/21 08:39:25 [Debug] Packet wait time exceed of Connection 4278845712.
[BlockProcessor]2024/11/21 08:39:25 [Debug] recvBlockId == lastRecvBlockID(4), but Connection 4278845712 is not in waiting status, continue.
[BlockProcessor]2024/11/21 08:39:32 [Debug] Packet wait time exceed of Connection 4278845712.
[BlockProcessor]2024/11/21 08:39:32 [Debug] recvBlockId == lastRecvBlockID(4), but Connection 4278845712 is not in waiting status, continue.
[BlockProcessor]2024/11/21 08:39:39 [Debug] Packet wait time exceed of Connection 4278845712.
[BlockProcessor]2024/11/21 08:39:39 [Debug] recvBlockId == lastRecvBlockID(4), but Connection 4278845712 is not in waiting status, continue.
[BlockProcessor]2024/11/21 08:39:46 [Debug] Packet wait time exceed of Connection 4278845712.
[BlockProcessor]2024/11/21 08:39:46 [Debug] recvBlockId == lastRecvBlockID(4), but Connection 4278845712 is not in waiting status, continue.
[BlockProcessor]2024/11/21 08:39:53 [Debug] Packet wait time exceed of Connection 4278845712.
[BlockProcessor]2024/11/21 08:39:53 [Debug] recvBlockId == lastRecvBlockID(4), but Connection 4278845712 is not in waiting status, continue.
[BlockProcessor]2024/11/21 08:40:00 [Debug] Packet wait time exceed of Connection 4278845712.
[BlockProcessor]2024/11/21 08:40:00 [Debug] recvBlockId == lastRecvBlockID(4), but Connection 4278845712 is not in waiting status, continue.
[BlockProcessor]2024/11/21 08:40:07 [Debug] Packet wait time exceed of Connection 4278845712.
[BlockProcessor]2024/11/21 08:40:07 [Debug] recvBlockId == lastRecvBlockID(4), but Connection 4278845712 is not in waiting status, continue.
[BlockProcessor]2024/11/21 08:40:14 [Debug] Packet wait time exceed of Connection 4278845712.
[BlockProcessor]2024/11/21 08:40:14 [Debug] recvBlockId == lastRecvBlockID(4), but Connection 4278845712 is not in waiting status, continue.
[BlockProcessor]2024/11/21 08:40:21 [Debug] Packet wait time exceed of Connection 4278845712.
[BlockProcessor]2024/11/21 08:40:21 [Debug] recvBlockId == lastRecvBlockID(4), but Connection 4278845712 is not in waiting status, continue.
[BlockProcessor]2024/11/21 08:40:28 [Debug] Packet wait time exceed of Connection 4278845712.
[BlockProcessor]2024/11/21 08:40:28 [Debug] recvBlockId == lastRecvBlockID(4), but Connection 4278845712 is not in waiting status, continue.
[BlockProcessor]2024/11/21 08:40:35 [Debug] Packet wait time exceed of Connection 4278845712.
[BlockProcessor]2024/11/21 08:40:35 [Debug] recvBlockId == lastRecvBlockID(4), but Connection 4278845712 is not in waiting status, continue.
[BlockProcessor]2024/11/21 08:40:42 [Debug] Packet wait time exceed of Connection 4278845712.
[BlockProcessor]2024/11/21 08:40:42 [Debug] recvBlockId == lastRecvBlockID(4), but Connection 4278845712 is not in waiting status, continue.
[BlockProcessor]2024/11/21 08:40:49 [Debug] Packet wait time exceed of Connection 4278845712.
[BlockProcessor]2024/11/21 08:40:49 [Debug] recvBlockId == lastRecvBlockID(4), but Connection 4278845712 is not in waiting status, continue.
[BlockProcessor]2024/11/21 08:40:56 [Debug] Packet wait time exceed of Connection 4278845712.
[BlockProcessor]2024/11/21 08:40:56 [Debug] recvBlockId == lastRecvBlockID(4), but Connection 4278845712 is not in waiting status, continue.
[BlockProcessor]2024/11/21 08:41:03 [Debug] Packet wait time exceed of Connection 4278845712.
[BlockProcessor]2024/11/21 08:41:03 [Debug] recvBlockId == lastRecvBlockID(4), but Connection 4278845712 is not in waiting status, continue.
[BlockProcessor]2024/11/21 08:41:10 [Debug] Packet wait time exceed of Connection 4278845712.
[BlockProcessor]2024/11/21 08:41:10 [Debug] recvBlockId == lastRecvBlockID(4), but Connection 4278845712 is not in waiting status, continue.
